Archive member included to satisfy reference by file (symbol)

/opt/Atollic_TrueSTUDIO_for_STM32_x86_64_9.0.0/ARMTools/bin/../lib/gcc/arm-atollic-eabi/6.3.1/../../../../arm-atollic-eabi/lib/armv7-m/libc_nano.a(lib_a-init.o)
                              src/startup_stm32f10x_hd.o (__libc_init_array)
/opt/Atollic_TrueSTUDIO_for_STM32_x86_64_9.0.0/ARMTools/bin/../lib/gcc/arm-atollic-eabi/6.3.1/../../../../arm-atollic-eabi/lib/armv7-m/libc_nano.a(lib_a-memcmp.o)
                              FreeRTOS_Source/tasks.o (memcmp)
/opt/Atollic_TrueSTUDIO_for_STM32_x86_64_9.0.0/ARMTools/bin/../lib/gcc/arm-atollic-eabi/6.3.1/../../../../arm-atollic-eabi/lib/armv7-m/libc_nano.a(lib_a-memcpy-stub.o)
                              FreeRTOS_Source/queue.o (memcpy)
/opt/Atollic_TrueSTUDIO_for_STM32_x86_64_9.0.0/ARMTools/bin/../lib/gcc/arm-atollic-eabi/6.3.1/../../../../arm-atollic-eabi/lib/armv7-m/libc_nano.a(lib_a-memset.o)
                              FreeRTOS_Source/tasks.o (memset)
/opt/Atollic_TrueSTUDIO_for_STM32_x86_64_9.0.0/ARMTools/bin/../lib/gcc/arm-atollic-eabi/6.3.1/../../../../arm-atollic-eabi/lib/armv7-m/libc_nano.a(lib_a-strncpy.o)
                              FreeRTOS_Source/tasks.o (strncpy)
/opt/Atollic_TrueSTUDIO_for_STM32_x86_64_9.0.0/ARMTools/bin/../lib/gcc/arm-atollic-eabi/6.3.1/../../../../arm-atollic-eabi/lib/armv7-m/libnosys.a(write.o)
                              src/tiny_printf.o (_write)
/opt/Atollic_TrueSTUDIO_for_STM32_x86_64_9.0.0/ARMTools/bin/../lib/gcc/arm-atollic-eabi/6.3.1/../../../../arm-atollic-eabi/lib/armv7-m/libnosys.a(errno.o)
                              /opt/Atollic_TrueSTUDIO_for_STM32_x86_64_9.0.0/ARMTools/bin/../lib/gcc/arm-atollic-eabi/6.3.1/../../../../arm-atollic-eabi/lib/armv7-m/libnosys.a(write.o) (errno)

Allocating common symbols
Common symbol       size              file

errno               0x4               /opt/Atollic_TrueSTUDIO_for_STM32_x86_64_9.0.0/ARMTools/bin/../lib/gcc/arm-atollic-eabi/6.3.1/../../../../arm-atollic-eabi/lib/armv7-m/libnosys.a(errno.o)
xQueueRegistry      0x80              FreeRTOS_Source/queue.o

Discarded input sections

 .text          0x0000000000000000        0x0 /opt/Atollic_TrueSTUDIO_for_STM32_x86_64_9.0.0/ARMTools/bin/../lib/gcc/arm-atollic-eabi/6.3.1/armv7-m/crti.o
 .data          0x0000000000000000        0x0 /opt/Atollic_TrueSTUDIO_for_STM32_x86_64_9.0.0/ARMTools/bin/../lib/gcc/arm-atollic-eabi/6.3.1/armv7-m/crti.o
 .bss           0x0000000000000000        0x0 /opt/Atollic_TrueSTUDIO_for_STM32_x86_64_9.0.0/ARMTools/bin/../lib/gcc/arm-atollic-eabi/6.3.1/armv7-m/crti.o
 .data          0x0000000000000000        0x4 /opt/Atollic_TrueSTUDIO_for_STM32_x86_64_9.0.0/ARMTools/bin/../lib/gcc/arm-atollic-eabi/6.3.1/armv7-m/crtbegin.o
 .text          0x0000000000000000        0x0 FreeRTOS_Source/list.o
 .data          0x0000000000000000        0x0 FreeRTOS_Source/list.o
 .bss           0x0000000000000000        0x0 FreeRTOS_Source/list.o
 .text          0x0000000000000000        0x0 FreeRTOS_Source/portable/GCC/ARM_CM3/port.o
 .data          0x0000000000000000        0x0 FreeRTOS_Source/portable/GCC/ARM_CM3/port.o
 .bss           0x0000000000000000        0x0 FreeRTOS_Source/portable/GCC/ARM_CM3/port.o
 .rodata.ulKernelPriority
                0x0000000000000000        0x4 FreeRTOS_Source/portable/GCC/ARM_CM3/port.o
 .text.vPortEndScheduler
                0x0000000000000000        0xc FreeRTOS_Source/portable/GCC/ARM_CM3/port.o
 .text          0x0000000000000000        0x0 FreeRTOS_Source/portable/MemMang/heap_1.o
 .data          0x0000000000000000        0x0 FreeRTOS_Source/portable/MemMang/heap_1.o
 .bss           0x0000000000000000        0x0 FreeRTOS_Source/portable/MemMang/heap_1.o
 .text.vPortInitialiseBlocks
                0x0000000000000000       0x18 FreeRTOS_Source/portable/MemMang/heap_1.o
 .text          0x0000000000000000        0x0 FreeRTOS_Source/queue.o
 .data          0x0000000000000000        0x0 FreeRTOS_Source/queue.o
 .bss           0x0000000000000000        0x0 FreeRTOS_Source/queue.o
 .text.xQueueCreateMutex
                0x0000000000000000       0x8c FreeRTOS_Source/queue.o
 .text.xQueueReceiveFromISR
                0x0000000000000000       0xba FreeRTOS_Source/queue.o
 .text.uxQueueMessagesWaiting
                0x0000000000000000       0x30 FreeRTOS_Source/queue.o
 .text.uxQueueMessagesWaitingFromISR
                0x0000000000000000       0x2a FreeRTOS_Source/queue.o
 .text.vQueueDelete
                0x0000000000000000       0x36 FreeRTOS_Source/queue.o
 .text.xQueueIsQueueEmptyFromISR
                0x0000000000000000       0x34 FreeRTOS_Source/queue.o
 .text.xQueueIsQueueFullFromISR
                0x0000000000000000       0x38 FreeRTOS_Source/queue.o
 .text.vQueueUnregisterQueue
                0x0000000000000000       0x44 FreeRTOS_Source/queue.o
 .text          0x0000000000000000        0x0 FreeRTOS_Source/tasks.o
 .data          0x0000000000000000        0x0 FreeRTOS_Source/tasks.o
[...]
Memory Configuration

Name             Origin             Length             Attributes
FLASH            0x0000000008000000 0x0000000000080000 xr
RAM              0x0000000020000000 0x0000000000010000 xrw
MEMORY_B1        0x0000000060000000 0x0000000000000000 xr
*default*        0x0000000000000000 0xffffffffffffffff

Linker script and memory map

LOAD /opt/Atollic_TrueSTUDIO_for_STM32_x86_64_9.0.0/ARMTools/bin/../lib/gcc/arm-atollic-eabi/6.3.1/armv7-m/crti.o
LOAD /opt/Atollic_TrueSTUDIO_for_STM32_x86_64_9.0.0/ARMTools/bin/../lib/gcc/arm-atollic-eabi/6.3.1/armv7-m/crtbegin.o
LOAD FreeRTOS_Source/list.o
LOAD FreeRTOS_Source/portable/GCC/ARM_CM3/port.o
LOAD FreeRTOS_Source/portable/MemMang/heap_1.o
LOAD FreeRTOS_Source/queue.o
LOAD FreeRTOS_Source/tasks.o
LOAD FreeRTOS_Source/timers.o
LOAD Libraries/STM32F10x_StdPeriph_Driver/src/misc.o
LOAD Libraries/STM32F10x_StdPeriph_Driver/src/stm32f10x_adc.o
LOAD Libraries/STM32F10x_StdPeriph_Driver/src/stm32f10x_bkp.o
LOAD Libraries/STM32F10x_StdPeriph_Driver/src/stm32f10x_can.o
LOAD Libraries/STM32F10x_StdPeriph_Driver/src/stm32f10x_cec.o
LOAD Libraries/STM32F10x_StdPeriph_Driver/src/stm32f10x_crc.o
LOAD Libraries/STM32F10x_StdPeriph_Driver/src/stm32f10x_dac.o
LOAD Libraries/STM32F10x_StdPeriph_Driver/src/stm32f10x_dbgmcu.o
LOAD Libraries/STM32F10x_StdPeriph_Driver/src/stm32f10x_dma.o
LOAD Libraries/STM32F10x_StdPeriph_Driver/src/stm32f10x_exti.o
LOAD Libraries/STM32F10x_StdPeriph_Driver/src/stm32f10x_flash.o
LOAD Libraries/STM32F10x_StdPeriph_Driver/src/stm32f10x_fsmc.o
LOAD Libraries/STM32F10x_StdPeriph_Driver/src/stm32f10x_gpio.o
LOAD Libraries/STM32F10x_StdPeriph_Driver/src/stm32f10x_i2c.o
LOAD Libraries/STM32F10x_StdPeriph_Driver/src/stm32f10x_iwdg.o
LOAD Libraries/STM32F10x_StdPeriph_Driver/src/stm32f10x_pwr.o
LOAD Libraries/STM32F10x_StdPeriph_Driver/src/stm32f10x_rcc.o
LOAD Libraries/STM32F10x_StdPeriph_Driver/src/stm32f10x_rtc.o
LOAD Libraries/STM32F10x_StdPeriph_Driver/src/stm32f10x_sdio.o
LOAD Libraries/STM32F10x_StdPeriph_Driver/src/stm32f10x_spi.o
LOAD Libraries/STM32F10x_StdPeriph_Driver/src/stm32f10x_tim.o
LOAD Libraries/STM32F10x_StdPeriph_Driver/src/stm32f10x_usart.o
LOAD Libraries/STM32F10x_StdPeriph_Driver/src/stm32f10x_wwdg.o
LOAD Utilities/STM32_EVAL/IAR_STM32F103ZE/board.o
LOAD src/main.o
LOAD src/startup_stm32f10x_hd.o
LOAD src/stm32f10x_it.o
LOAD src/system_stm32f10x.o
LOAD src/tiny_printf.o
LOAD /opt/Atollic_TrueSTUDIO_for_STM32_x86_64_9.0.0/ARMTools/bin/../lib/gcc/arm-atollic-eabi/6.3.1/../../../../arm-atollic-eabi/lib/armv7-m/libm.a
                0x0000000000000080                malloc_getpagesize_P = 0x80
START GROUP
LOAD /opt/Atollic_TrueSTUDIO_for_STM32_x86_64_9.0.0/ARMTools/bin/../lib/gcc/arm-atollic-eabi/6.3.1/../../../../arm-atollic-eabi/lib/armv7-m/libc_nano.a
LOAD /opt/Atollic_TrueSTUDIO_for_STM32_x86_64_9.0.0/ARMTools/bin/../lib/gcc/arm-atollic-eabi/6.3.1/../../../../arm-atollic-eabi/lib/armv7-m/libm.a
END GROUP
START GROUP
LOAD /opt/Atollic_TrueSTUDIO_for_STM32_x86_64_9.0.0/ARMTools/bin/../lib/gcc/arm-atollic-eabi/6.3.1/armv7-m/libgcc.a
LOAD /opt/Atollic_TrueSTUDIO_for_STM32_x86_64_9.0.0/ARMTools/bin/../lib/gcc/arm-atollic-eabi/6.3.1/../../../../arm-atollic-eabi/lib/armv7-m/libc_nano.a
END GROUP
START GROUP
LOAD /opt/Atollic_TrueSTUDIO_for_STM32_x86_64_9.0.0/ARMTools/bin/../lib/gcc/arm-atollic-eabi/6.3.1/armv7-m/libgcc.a
LOAD /opt/Atollic_TrueSTUDIO_for_STM32_x86_64_9.0.0/ARMTools/bin/../lib/gcc/arm-atollic-eabi/6.3.1/../../../../arm-atollic-eabi/lib/armv7-m/libc_nano.a
LOAD /opt/Atollic_TrueSTUDIO_for_STM32_x86_64_9.0.0/ARMTools/bin/../lib/gcc/arm-atollic-eabi/6.3.1/../../../../arm-atollic-eabi/lib/armv7-m/libnosys.a
END GROUP
START GROUP
LOAD /opt/Atollic_TrueSTUDIO_for_STM32_x86_64_9.0.0/ARMTools/bin/../lib/gcc/arm-atollic-eabi/6.3.1/armv7-m/libgcc.a
LOAD /opt/Atollic_TrueSTUDIO_for_STM32_x86_64_9.0.0/ARMTools/bin/../lib/gcc/arm-atollic-eabi/6.3.1/../../../../arm-atollic-eabi/lib/armv7-m/libc_nano.a
LOAD /opt/Atollic_TrueSTUDIO_for_STM32_x86_64_9.0.0/ARMTools/bin/../lib/gcc/arm-atollic-eabi/6.3.1/../../../../arm-atollic-eabi/lib/armv7-m/libnosys.a
END GROUP
LOAD /opt/Atollic_TrueSTUDIO_for_STM32_x86_64_9.0.0/ARMTools/bin/../lib/gcc/arm-atollic-eabi/6.3.1/armv7-m/crtend.o
LOAD /opt/Atollic_TrueSTUDIO_for_STM32_x86_64_9.0.0/ARMTools/bin/../lib/gcc/arm-atollic-eabi/6.3.1/armv7-m/crtn.o
                0x0000000020010000                _estack = 0x20010000
                0x0000000000000000                _Min_Heap_Size = 0x0
                0x0000000000000200                _Min_Stack_Size = 0x200

.isr_vector     0x0000000008000000      0x1e4
                0x0000000008000000                . = ALIGN (0x4)
 *(.isr_vector)
 .isr_vector    0x0000000008000000      0x1e4 src/startup_stm32f10x_hd.o
                0x0000000008000000                g_pfnVectors
                0x00000000080001e4                . = ALIGN (0x4)

.text           0x00000000080001e4     0x231c
                0x00000000080001e4                . = ALIGN (0x4)
 *(.text)
 .text          0x00000000080001e4       0x40 /opt/Atollic_TrueSTUDIO_for_STM32_x86_64_9.0.0/ARMTools/bin/../lib/gcc/arm-atollic-eabi/6.3.1/armv7-m/crtbegin.o
 *(.text*)
 .text.vListInitialise
                0x0000000008000224       0x3e FreeRTOS_Source/list.o
                0x0000000008000224                vListInitialise
 .text.vListInitialiseItem
                0x0000000008000262       0x18 FreeRTOS_Source/list.o
                0x0000000008000262                vListInitialiseItem
 .text.vListInsertEnd
                0x000000000800027a       0x4e FreeRTOS_Source/list.o
                0x000000000800027a                vListInsertEnd
 .text.vListInsert
                0x00000000080002c8       0x70 FreeRTOS_Source/list.o
                0x00000000080002c8                vListInsert
 .text.vListRemove
                0x0000000008000338       0x4e FreeRTOS_Source/list.o
                0x0000000008000338                vListRemove
 .text.pxPortInitialiseStack
                0x0000000008000386       0x50 FreeRTOS_Source/portable/GCC/ARM_CM3/port.o
                0x0000000008000386                pxPortInitialiseStack
 *fill*         0x00000000080003d6        0x2 
 .text.SVC_Handler
                0x00000000080003d8       0x24 FreeRTOS_Source/portable/GCC/ARM_CM3/port.o
                0x00000000080003d8                SVC_Handler
 .text.prvPortStartFirstTask
                0x00000000080003fc       0x18 FreeRTOS_Source/portable/GCC/ARM_CM3/port.o
 .text.xPortStartScheduler
                0x0000000008000414       0x38 FreeRTOS_Source/portable/GCC/ARM_CM3/port.o
                0x0000000008000414                xPortStartScheduler
 .text.vPortYieldFromISR
                0x000000000800044c       0x18 FreeRTOS_Source/portable/GCC/ARM_CM3/port.o
                0x000000000800044c                vPortYieldFromISR
 .text.vPortEnterCritical
                0x0000000008000464       0x24 FreeRTOS_Source/portable/GCC/ARM_CM3/port.o
                0x0000000008000464                vPortEnterCritical
 .text.vPortExitCritical
                0x0000000008000488       0x2c FreeRTOS_Source/portable/GCC/ARM_CM3/port.o
                0x0000000008000488                vPortExitCritical
 .text.PendSV_Handler
                0x00000000080004b4       0x40 FreeRTOS_Source/portable/GCC/ARM_CM3/port.o
                0x00000000080004b4                PendSV_Handler
 .text.SysTick_Handler
                0x00000000080004f4       0x34 FreeRTOS_Source/portable/GCC/ARM_CM3/port.o
                0x00000000080004f4                SysTick_Handler
 .text.prvSetupTimerInterrupt
                0x0000000008000528       0x24 FreeRTOS_Source/portable/GCC/ARM_CM3/port.o
 .text.pvPortMalloc
                0x000000000800054c       0x78 FreeRTOS_Source/portable/MemMang/heap_1.o
                0x000000000800054c                pvPortMalloc
 .text.vPortFree
                0x00000000080005c4       0x12 FreeRTOS_Source/portable/MemMang/heap_1.o
                0x00000000080005c4                vPortFree
 *fill*         0x00000000080005d6        0x2 
 .text.xPortGetFreeHeapSize
                0x00000000080005d8       0x18 FreeRTOS_Source/portable/MemMang/heap_1.o
                0x00000000080005d8                xPortGetFreeHeapSize
 .text.xQueueGenericReset
                0x00000000080005f0       0xb0 FreeRTOS_Source/queue.o
                0x00000000080005f0                xQueueGenericReset
 .text.xQueueGenericCreate
                0x00000000080006a0       0x80 FreeRTOS_Source/queue.o
                0x00000000080006a0                xQueueGenericCreate
 .text.xQueueGenericSend
                0x0000000008000720      0x138 FreeRTOS_Source/queue.o
                0x0000000008000720                xQueueGenericSend
 .text.xQueueGenericSendFromISR
                0x0000000008000858       0xb8 FreeRTOS_Source/queue.o
                0x0000000008000858                xQueueGenericSendFromISR
 .text.xQueueGenericReceive
                0x0000000008000910      0x19a FreeRTOS_Source/queue.o
                0x0000000008000910                xQueueGenericReceive
 .text.prvCopyDataToQueue
                0x0000000008000aaa       0xb6 FreeRTOS_Source/queue.o
 .text.prvCopyDataFromQueue
                0x0000000008000b60       0x4c FreeRTOS_Source/queue.o
 .text.prvUnlockQueue
                0x0000000008000bac       0x98 FreeRTOS_Source/queue.o
 .text.prvIsQueueEmpty
                0x0000000008000c44       0x2a FreeRTOS_Source/queue.o
 .text.prvIsQueueFull
                0x0000000008000c6e       0x2e FreeRTOS_Source/queue.o
 .text.vQueueAddToRegistry
                0x0000000008000c9c       0x50 FreeRTOS_Source/queue.o
                0x0000000008000c9c                vQueueAddToRegistry
 .text.vQueueWaitForMessageRestricted
                0x0000000008000cec       0x54 FreeRTOS_Source/queue.o
                0x0000000008000cec                vQueueWaitForMessageRestricted
 .text.xTaskGenericCreate
                0x0000000008000d40      0x19c FreeRTOS_Source/tasks.o
                0x0000000008000d40                xTaskGenericCreate
 .text.vTaskDelayUntil
                0x0000000008000edc       0xb8 FreeRTOS_Source/tasks.o
                0x0000000008000edc                vTaskDelayUntil
 .text.vTaskStartScheduler
                0x0000000008000f94       0x78 FreeRTOS_Source/tasks.o
                0x0000000008000f94                vTaskStartScheduler
 .text.vTaskSuspendAll
                0x000000000800100c       0x1c FreeRTOS_Source/tasks.o
                0x000000000800100c                vTaskSuspendAll
 .text.xTaskResumeAll
                0x0000000008001028      0x108 FreeRTOS_Source/tasks.o
                0x0000000008001028                xTaskResumeAll
 .text.xTaskGetTickCount
                0x0000000008001130       0x24 FreeRTOS_Source/tasks.o
                0x0000000008001130                xTaskGetTickCount
 .text.vTaskIncrementTick
                0x0000000008001154      0x150 FreeRTOS_Source/tasks.o
                0x0000000008001154                vTaskIncrementTick
 .text.vTaskSwitchContext
                0x00000000080012a4       0xf0 FreeRTOS_Source/tasks.o
                0x00000000080012a4                vTaskSwitchContext
 .text.vTaskPlaceOnEventList
                0x0000000008001394       0x70 FreeRTOS_Source/tasks.o
                0x0000000008001394                vTaskPlaceOnEventList
 .text.vTaskPlaceOnEventListRestricted
                0x0000000008001404       0x54 FreeRTOS_Source/tasks.o
                0x0000000008001404                vTaskPlaceOnEventListRestricted
 .text.xTaskRemoveFromEventList
                0x0000000008001458       0xb0 FreeRTOS_Source/tasks.o
                0x0000000008001458                xTaskRemoveFromEventList
 .text.vTaskSetTimeOutState
                0x0000000008001508       0x3c FreeRTOS_Source/tasks.o
                0x0000000008001508                vTaskSetTimeOutState
 .text.xTaskCheckForTimeOut
                0x0000000008001544       0xa8 FreeRTOS_Source/tasks.o
                0x0000000008001544                xTaskCheckForTimeOut
 .text.vTaskMissedYield
                0x00000000080015ec       0x18 FreeRTOS_Source/tasks.o
                0x00000000080015ec                vTaskMissedYield
 .text.prvIdleTask
                0x0000000008001604       0x24 FreeRTOS_Source/tasks.o
 .text.prvInitialiseTCBVariables
                0x0000000008001628       0x6c FreeRTOS_Source/tasks.o
 .text.prvInitialiseTaskLists
                0x0000000008001694       0x80 FreeRTOS_Source/tasks.o
 .text.prvCheckTasksWaitingTermination
                0x0000000008001714       0x74 FreeRTOS_Source/tasks.o
 .text.prvAddCurrentTaskToDelayedList
                0x0000000008001788       0x6c FreeRTOS_Source/tasks.o
 .text.prvAllocateTCBAndStack
                0x00000000080017f4       0x62 FreeRTOS_Source/tasks.o
 .text.prvDeleteTCB
                0x0000000008001856       0x20 FreeRTOS_Source/tasks.o
 *fill*         0x0000000008001876        0x2 
 .text.xTaskGetCurrentTaskHandle
                0x0000000008001878       0x1c FreeRTOS_Source/tasks.o
                0x0000000008001878                xTaskGetCurrentTaskHandle
 .text.xTaskGetSchedulerState
                0x0000000008001894       0x3c FreeRTOS_Source/tasks.o
                0x0000000008001894                xTaskGetSchedulerState
 .text.vTaskPriorityInherit
                0x00000000080018d0       0xb4 FreeRTOS_Source/tasks.o
                0x00000000080018d0                vTaskPriorityInherit
 .text.vTaskPriorityDisinherit
                0x0000000008001984       0x7c FreeRTOS_Source/tasks.o
                0x0000000008001984                vTaskPriorityDisinherit
 .text.xTimerCreateTimerTask
                0x0000000008001a00       0x5c FreeRTOS_Source/timers.o
                0x0000000008001a00                xTimerCreateTimerTask
 .text.xTimerCreate
                0x0000000008001a5c       0x6c FreeRTOS_Source/timers.o
                0x0000000008001a5c                xTimerCreate
 .text.xTimerGenericCommand
                0x0000000008001ac8       0x80 FreeRTOS_Source/timers.o
                0x0000000008001ac8                xTimerGenericCommand
 .text.prvProcessExpiredTimer
                0x0000000008001b48       0x74 FreeRTOS_Source/timers.o
 .text.prvTimerTask
                0x0000000008001bbc       0x24 FreeRTOS_Source/timers.o
 .text.prvProcessTimerOrBlockTask
                0x0000000008001be0       0x6c FreeRTOS_Source/timers.o
 .text.prvGetNextExpireTime
                0x0000000008001c4c       0x48 FreeRTOS_Source/timers.o
 .text.prvSampleTimeNow
                0x0000000008001c94       0x44 FreeRTOS_Source/timers.o
 .text.prvInsertTimerInActiveList
                0x0000000008001cd8       0x84 FreeRTOS_Source/timers.o
 .text.prvProcessReceivedCommands
                0x0000000008001d5c       0xf4 FreeRTOS_Source/timers.o
 .text.prvSwitchTimerLists
                0x0000000008001e50       0xb8 FreeRTOS_Source/timers.o
 .text.prvCheckForValidListAndQueue
                0x0000000008001f08       0x54 FreeRTOS_Source/timers.o
 .text.NVIC_SetPriorityGrouping
                0x0000000008001f5c       0x48 src/main.o
 .text.main     0x0000000008001fa4      0x110 src/main.o
                0x0000000008001fa4                main
 .text.vExampleTimerCallback
                0x00000000080020b4       0x20 src/main.o
 .text.prvQueueSendTask
                0x00000000080020d4       0x38 src/main.o
 .text.prvQueueReceiveTask
                0x000000000800210c       0x34 src/main.o
 .text.prvEventSemaphoreTask
                0x0000000008002140       0x2c src/main.o
 .text.vApplicationTickHook
                0x000000000800216c       0x44 src/main.o
                0x000000000800216c                vApplicationTickHook
 .text.vApplicationMallocFailedHook
                0x00000000080021b0        0x6 src/main.o
                0x00000000080021b0                vApplicationMallocFailedHook
 .text.vApplicationStackOverflowHook
                0x00000000080021b6        0xc src/main.o
                0x00000000080021b6                vApplicationStackOverflowHook
 .text.vApplicationIdleHook
                0x00000000080021c2       0x18 src/main.o
                0x00000000080021c2                vApplicationIdleHook
 .text.prvSetupHardware
                0x00000000080021da        0xe src/main.o
 .text.Reset_Handler
                0x00000000080021e8       0x48 src/startup_stm32f10x_hd.o
                0x00000000080021e8                Reset_Handler
 .text.Default_Handler
                0x0000000008002230        0x2 src/startup_stm32f10x_hd.o
                0x0000000008002230                EXTI2_IRQHandler
                0x0000000008002230                TIM8_TRG_COM_IRQHandler
                0x0000000008002230                TIM8_CC_IRQHandler
                0x0000000008002230                TIM1_CC_IRQHandler
                0x0000000008002230                TIM6_IRQHandler
                0x0000000008002230                PVD_IRQHandler
                0x0000000008002230                SDIO_IRQHandler
                0x0000000008002230                EXTI3_IRQHandler
                0x0000000008002230                EXTI0_IRQHandler
                0x0000000008002230                I2C2_EV_IRQHandler
                0x0000000008002230                ADC1_2_IRQHandler
                0x0000000008002230                SPI1_IRQHandler
                0x0000000008002230                TAMPER_IRQHandler
                0x0000000008002230                TIM8_UP_IRQHandler
                0x0000000008002230                DMA2_Channel2_IRQHandler
                0x0000000008002230                DMA1_Channel4_IRQHandler
                0x0000000008002230                USART3_IRQHandler
                0x0000000008002230                RTC_IRQHandler
                0x0000000008002230                DMA1_Channel7_IRQHandler
                0x0000000008002230                CAN1_RX1_IRQHandler
                0x0000000008002230                UART5_IRQHandler
                0x0000000008002230                ADC3_IRQHandler
                0x0000000008002230                TIM4_IRQHandler
                0x0000000008002230                DMA2_Channel1_IRQHandler
                0x0000000008002230                I2C1_EV_IRQHandler
                0x0000000008002230                DMA1_Channel6_IRQHandler
                0x0000000008002230                UART4_IRQHandler
                0x0000000008002230                TIM3_IRQHandler
                0x0000000008002230                RCC_IRQHandler
                0x0000000008002230                TIM1_TRG_COM_IRQHandler
                0x0000000008002230                DMA1_Channel1_IRQHandler
                0x0000000008002230                Default_Handler
                0x0000000008002230                EXTI15_10_IRQHandler
                0x0000000008002230                TIM7_IRQHandler
                0x0000000008002230                TIM5_IRQHandler
                0x0000000008002230                EXTI9_5_IRQHandler
                0x0000000008002230                SPI2_IRQHandler
                0x0000000008002230                DMA1_Channel5_IRQHandler
                0x0000000008002230                EXTI4_IRQHandler
                0x0000000008002230                USB_LP_CAN1_RX0_IRQHandler
                0x0000000008002230                USB_HP_CAN1_TX_IRQHandler
                0x0000000008002230                DMA1_Channel3_IRQHandler
                0x0000000008002230                FSMC_IRQHandler
                0x0000000008002230                TIM1_UP_IRQHandler
                0x0000000008002230                WWDG_IRQHandler
                0x0000000008002230                TIM2_IRQHandler
                0x0000000008002230                TIM1_BRK_IRQHandler
                0x0000000008002230                EXTI1_IRQHandler
                0x0000000008002230                RTCAlarm_IRQHandler
                0x0000000008002230                DMA2_Channel4_5_IRQHandler
                0x0000000008002230                USART2_IRQHandler
                0x0000000008002230                I2C2_ER_IRQHandler
                0x0000000008002230                DMA1_Channel2_IRQHandler
                0x0000000008002230                TIM8_BRK_IRQHandler
                0x0000000008002230                CAN1_SCE_IRQHandler
                0x0000000008002230                FLASH_IRQHandler
                0x0000000008002230                USART1_IRQHandler
                0x0000000008002230                SPI3_IRQHandler
                0x0000000008002230                I2C1_ER_IRQHandler
                0x0000000008002230                USBWakeUp_IRQHandler
                0x0000000008002230                DMA2_Channel3_IRQHandler
 .text.NMI_Handler
                0x0000000008002232        0xc src/stm32f10x_it.o
                0x0000000008002232                NMI_Handler
 .text.HardFault_Handler
                0x000000000800223e        0x6 src/stm32f10x_it.o
                0x000000000800223e                HardFault_Handler
 .text.MemManage_Handler
                0x0000000008002244        0x6 src/stm32f10x_it.o
                0x0000000008002244                MemManage_Handler
 .text.BusFault_Handler
                0x000000000800224a        0x6 src/stm32f10x_it.o
                0x000000000800224a                BusFault_Handler
 .text.UsageFault_Handler
                0x0000000008002250        0x6 src/stm32f10x_it.o
                0x0000000008002250                UsageFault_Handler
 .text.DebugMon_Handler
                0x0000000008002256        0xc src/stm32f10x_it.o
                0x0000000008002256                DebugMon_Handler
 *fill*         0x0000000008002262        0x2 
 .text.SystemInit
                0x0000000008002264       0x68 src/system_stm32f10x.o
                0x0000000008002264                SystemInit
 .text.SetSysClock
                0x00000000080022cc        0xc src/system_stm32f10x.o
 .text.SetSysClockTo72
                0x00000000080022d8      0x100 src/system_stm32f10x.o
 .text.__libc_init_array
                0x00000000080023d8       0x48 /opt/Atollic_TrueSTUDIO_for_STM32_x86_64_9.0.0/ARMTools/bin/../lib/gcc/arm-atollic-eabi/6.3.1/../../../../arm-atollic-eabi/lib/armv7-m/libc_nano.a(lib_a-init.o)
                0x00000000080023d8                __libc_init_array
 .text.memcmp   0x0000000008002420       0x1e /opt/Atollic_TrueSTUDIO_for_STM32_x86_64_9.0.0/ARMTools/bin/../lib/gcc/arm-atollic-eabi/6.3.1/../../../../arm-atollic-eabi/lib/armv7-m/libc_nano.a(lib_a-memcmp.o)
                0x0000000008002420                memcmp
 .text.memcpy   0x000000000800243e       0x16 /opt/Atollic_TrueSTUDIO_for_STM32_x86_64_9.0.0/ARMTools/bin/../lib/gcc/arm-atollic-eabi/6.3.1/../../../../arm-atollic-eabi/lib/armv7-m/libc_nano.a(lib_a-memcpy-stub.o)
                0x000000000800243e                memcpy
 .text.memset   0x0000000008002454       0x10 /opt/Atollic_TrueSTUDIO_for_STM32_x86_64_9.0.0/ARMTools/bin/../lib/gcc/arm-atollic-eabi/6.3.1/../../../../arm-atollic-eabi/lib/armv7-m/libc_nano.a(lib_a-memset.o)
                0x0000000008002454                memset
 .text.strncpy  0x0000000008002464       0x2a /opt/Atollic_TrueSTUDIO_for_STM32_x86_64_9.0.0/ARMTools/bin/../lib/gcc/arm-atollic-eabi/6.3.1/../../../../arm-atollic-eabi/lib/armv7-m/libc_nano.a(lib_a-strncpy.o)
                0x0000000008002464                strncpy
 *(.rodata)
 *fill*         0x000000000800248e        0x2 
 .rodata        0x0000000008002490        0x5 FreeRTOS_Source/tasks.o
 *fill*         0x0000000008002495        0x3 
 .rodata        0x0000000008002498        0x8 FreeRTOS_Source/timers.o
 .rodata        0x00000000080024a0       0x31 src/main.o
 *(.rodata*)
 *fill*         0x00000000080024d1        0x3 
 .rodata.ucExpectedStackBytes.6072
                0x00000000080024d4       0x14 FreeRTOS_Source/tasks.o
 *(.glue_7)
 .glue_7        0x00000000080024e8        0x0 linker stubs
 *(.glue_7t)
 .glue_7t       0x00000000080024e8        0x0 linker stubs
 *(.eh_frame)
 .eh_frame      0x00000000080024e8        0x0 /opt/Atollic_TrueSTUDIO_for_STM32_x86_64_9.0.0/ARMTools/bin/../lib/gcc/arm-atollic-eabi/6.3.1/armv7-m/crtbegin.o
 *(.init)
 .init          0x00000000080024e8        0x4 /opt/Atollic_TrueSTUDIO_for_STM32_x86_64_9.0.0/ARMTools/bin/../lib/gcc/arm-atollic-eabi/6.3.1/armv7-m/crti.o
                0x00000000080024e8                _init
 .init          0x00000000080024ec        0x8 /opt/Atollic_TrueSTUDIO_for_STM32_x86_64_9.0.0/ARMTools/bin/../lib/gcc/arm-atollic-eabi/6.3.1/armv7-m/crtn.o
 *(.fini)
 .fini          0x00000000080024f4        0x4 /opt/Atollic_TrueSTUDIO_for_STM32_x86_64_9.0.0/ARMTools/bin/../lib/gcc/arm-atollic-eabi/6.3.1/armv7-m/crti.o
                0x00000000080024f4                _fini
 .fini          0x00000000080024f8        0x8 /opt/Atollic_TrueSTUDIO_for_STM32_x86_64_9.0.0/ARMTools/bin/../lib/gcc/arm-atollic-eabi/6.3.1/armv7-m/crtn.o
                0x0000000008002500                . = ALIGN (0x4)
                0x0000000008002500                _etext = .

.vfp11_veneer   0x0000000008002500        0x0
 .vfp11_veneer  0x0000000008002500        0x0 linker stubs

.v4_bx          0x0000000008002500        0x0
 .v4_bx         0x0000000008002500        0x0 linker stubs

.iplt           0x0000000008002500        0x0
 .iplt          0x0000000008002500        0x0 /opt/Atollic_TrueSTUDIO_for_STM32_x86_64_9.0.0/ARMTools/bin/../lib/gcc/arm-atollic-eabi/6.3.1/armv7-m/crtbegin.o

.rel.dyn        0x0000000008002500        0x0
 .rel.iplt      0x0000000008002500        0x0 /opt/Atollic_TrueSTUDIO_for_STM32_x86_64_9.0.0/ARMTools/bin/../lib/gcc/arm-atollic-eabi/6.3.1/armv7-m/crtbegin.o

.ARM.extab
 *(.ARM.extab* .gnu.linkonce.armextab.*)

.ARM            0x0000000008002500        0x0
                0x0000000008002500                __exidx_start = .
 *(.ARM.exidx*)
                0x0000000008002500                __exidx_end = .

.preinit_array  0x0000000008002500        0x0
                0x0000000008002500                PROVIDE (__preinit_array_start, .)
 *(.preinit_array*)
                0x0000000008002500                PROVIDE (__preinit_array_end, .)

.init_array     0x0000000008002500        0x4
                0x0000000008002500                PROVIDE (__init_array_start, .)
 *(SORT(.init_array.*))
 *(.init_array*)
 .init_array    0x0000000008002500        0x4 /opt/Atollic_TrueSTUDIO_for_STM32_x86_64_9.0.0/ARMTools/bin/../lib/gcc/arm-atollic-eabi/6.3.1/armv7-m/crtbegin.o
                0x0000000008002504                PROVIDE (__init_array_end, .)

.fini_array     0x0000000008002504        0x4
                [!provide]                        PROVIDE (__fini_array_start, .)
 *(SORT(.fini_array.*))
 *(.fini_array*)
 .fini_array    0x0000000008002504        0x4 /opt/Atollic_TrueSTUDIO_for_STM32_x86_64_9.0.0/ARMTools/bin/../lib/gcc/arm-atollic-eabi/6.3.1/armv7-m/crtbegin.o
                [!provide]                        PROVIDE (__fini_array_end, .)
                0x0000000008002508                _sidata = LOADADDR (.data)

.data           0x0000000020000000        0x8 load address 0x0000000008002508
                0x0000000020000000                . = ALIGN (0x4)
                0x0000000020000000                _sdata = .
 *(.data)
 *(.data*)
 .data.uxCriticalNesting
                0x0000000020000000        0x4 FreeRTOS_Source/portable/GCC/ARM_CM3/port.o
 .data.xNextTaskUnblockTime
                0x0000000020000004        0x4 FreeRTOS_Source/tasks.o
                0x0000000020000008                . = ALIGN (0x4)
                0x0000000020000008                _edata = .

.igot.plt       0x0000000020000008        0x0 load address 0x0000000008002510
 .igot.plt      0x0000000020000008        0x0 /opt/Atollic_TrueSTUDIO_for_STM32_x86_64_9.0.0/ARMTools/bin/../lib/gcc/arm-atollic-eabi/6.3.1/armv7-m/crtbegin.o
                0x0000000020000008                . = ALIGN (0x4)

.bss            0x0000000020000008     0x1df4 load address 0x0000000008002510
                0x0000000020000008                _sbss = .
                0x0000000020000008                __bss_start__ = _sbss
 *(.bss)
 .bss           0x0000000020000008       0x1c /opt/Atollic_TrueSTUDIO_for_STM32_x86_64_9.0.0/ARMTools/bin/../lib/gcc/arm-atollic-eabi/6.3.1/armv7-m/crtbegin.o
 *(.bss*)
 *fill*         0x0000000020000024        0x4 
 .bss.xHeap     0x0000000020000028     0x1c00 FreeRTOS_Source/portable/MemMang/heap_1.o
 .bss.xNextFreeByte
                0x0000000020001c28        0x4 FreeRTOS_Source/portable/MemMang/heap_1.o
 .bss.pxCurrentTCB
                0x0000000020001c2c        0x4 FreeRTOS_Source/tasks.o
                0x0000000020001c2c                pxCurrentTCB
 .bss.pxReadyTasksLists
                0x0000000020001c30       0x64 FreeRTOS_Source/tasks.o
 .bss.xDelayedTaskList1
                0x0000000020001c94       0x14 FreeRTOS_Source/tasks.o
 .bss.xDelayedTaskList2
                0x0000000020001ca8       0x14 FreeRTOS_Source/tasks.o
 .bss.pxDelayedTaskList
                0x0000000020001cbc        0x4 FreeRTOS_Source/tasks.o
 .bss.pxOverflowDelayedTaskList
                0x0000000020001cc0        0x4 FreeRTOS_Source/tasks.o
 .bss.xPendingReadyList
                0x0000000020001cc4       0x14 FreeRTOS_Source/tasks.o
 .bss.xTasksWaitingTermination
                0x0000000020001cd8       0x14 FreeRTOS_Source/tasks.o
 .bss.uxTasksDeleted
                0x0000000020001cec        0x4 FreeRTOS_Source/tasks.o
 .bss.xSuspendedTaskList
                0x0000000020001cf0       0x14 FreeRTOS_Source/tasks.o
 .bss.uxCurrentNumberOfTasks
                0x0000000020001d04        0x4 FreeRTOS_Source/tasks.o
 .bss.xTickCount
                0x0000000020001d08        0x4 FreeRTOS_Source/tasks.o
 .bss.uxTopUsedPriority
                0x0000000020001d0c        0x4 FreeRTOS_Source/tasks.o
 .bss.uxTopReadyPriority
                0x0000000020001d10        0x4 FreeRTOS_Source/tasks.o
 .bss.xSchedulerRunning
                0x0000000020001d14        0x4 FreeRTOS_Source/tasks.o
 .bss.uxSchedulerSuspended
                0x0000000020001d18        0x4 FreeRTOS_Source/tasks.o
 .bss.uxMissedTicks
                0x0000000020001d1c        0x4 FreeRTOS_Source/tasks.o
 .bss.xMissedYield
                0x0000000020001d20        0x4 FreeRTOS_Source/tasks.o
 .bss.xNumOfOverflows
                0x0000000020001d24        0x4 FreeRTOS_Source/tasks.o
 .bss.uxTaskNumber
                0x0000000020001d28        0x4 FreeRTOS_Source/tasks.o
 .bss.xActiveTimerList1
                0x0000000020001d2c       0x14 FreeRTOS_Source/timers.o
 .bss.xActiveTimerList2
                0x0000000020001d40       0x14 FreeRTOS_Source/timers.o
 .bss.pxCurrentTimerList
                0x0000000020001d54        0x4 FreeRTOS_Source/timers.o
 .bss.pxOverflowTimerList
                0x0000000020001d58        0x4 FreeRTOS_Source/timers.o
 .bss.xTimerQueue
                0x0000000020001d5c        0x4 FreeRTOS_Source/timers.o
 .bss.xLastTime.4485
                0x0000000020001d60        0x4 FreeRTOS_Source/timers.o
 .bss.xQueue    0x0000000020001d64        0x4 src/main.o
 .bss.xEventSemaphore
                0x0000000020001d68        0x4 src/main.o
 .bss.ulCountOfTimerCallbackExecutions
                0x0000000020001d6c        0x4 src/main.o
 .bss.ulCountOfItemsReceivedOnQueue
                0x0000000020001d70        0x4 src/main.o
 .bss.ulCountOfReceivedSemaphores
                0x0000000020001d74        0x4 src/main.o
 .bss.ulCount.6912
                0x0000000020001d78        0x4 src/main.o
 *(COMMON)
 COMMON         0x0000000020001d7c       0x80 FreeRTOS_Source/queue.o
                0x0000000020001d7c                xQueueRegistry
                0x0000000020001dfc                . = ALIGN (0x4)
                0x0000000020001dfc                _ebss = .
                0x0000000020001dfc                __bss_end__ = _ebss

._user_heap_stack
                0x0000000020001dfc      0x200 load address 0x0000000008002510
                0x0000000020001dfc                . = ALIGN (0x4)
                [!provide]                        PROVIDE (end, .)
                [!provide]                        PROVIDE (_end, .)
                0x0000000020001dfc                . = (. + _Min_Heap_Size)
                0x0000000020001ffc                . = (. + _Min_Stack_Size)
 *fill*         0x0000000020001dfc      0x200 
                0x0000000020001ffc                . = ALIGN (0x4)

.memory_b1_text
 *(.mb1text)
 *(.mb1text*)
 *(.mb1rodata)
 *(.mb1rodata*)

/DISCARD/
 libc.a(*)
 libm.a(*)
 libgcc.a(*)

.ARM.attributes
                0x0000000000000000       0x29
 *(.ARM.attributes)
 .ARM.attributes
                0x0000000000000000       0x1d /opt/Atollic_TrueSTUDIO_for_STM32_x86_64_9.0.0/ARMTools/bin/../lib/gcc/arm-atollic-eabi/6.3.1/armv7-m/crti.o
 .ARM.attributes
                0x000000000000001d       0x2d /opt/Atollic_TrueSTUDIO_for_STM32_x86_64_9.0.0/ARMTools/bin/../lib/gcc/arm-atollic-eabi/6.3.1/armv7-m/crtbegin.o
 .ARM.attributes
                0x000000000000004a       0x33 FreeRTOS_Source/list.o
 .ARM.attributes
                0x000000000000007d       0x33 FreeRTOS_Source/portable/GCC/ARM_CM3/port.o
 .ARM.attributes
                0x00000000000000b0       0x33 FreeRTOS_Source/portable/MemMang/heap_1.o
 .ARM.attributes
                0x00000000000000e3       0x33 FreeRTOS_Source/queue.o
 .ARM.attributes
                0x0000000000000116       0x33 FreeRTOS_Source/tasks.o
 .ARM.attributes
                0x0000000000000149       0x33 FreeRTOS_Source/timers.o
 .ARM.attributes
                0x000000000000017c       0x33 src/main.o
 .ARM.attributes
                0x00000000000001af       0x21 src/startup_stm32f10x_hd.o
 .ARM.attributes
                0x00000000000001d0       0x33 src/stm32f10x_it.o
 .ARM.attributes
                0x0000000000000203       0x33 src/system_stm32f10x.o
 .ARM.attributes
                0x0000000000000236       0x2d /opt/Atollic_TrueSTUDIO_for_STM32_x86_64_9.0.0/ARMTools/bin/../lib/gcc/arm-atollic-eabi/6.3.1/../../../../arm-atollic-eabi/lib/armv7-m/libc_nano.a(lib_a-init.o)
 .ARM.attributes
                0x0000000000000263       0x2d /opt/Atollic_TrueSTUDIO_for_STM32_x86_64_9.0.0/ARMTools/bin/../lib/gcc/arm-atollic-eabi/6.3.1/../../../../arm-atollic-eabi/lib/armv7-m/libc_nano.a(lib_a-memcmp.o)
 .ARM.attributes
                0x0000000000000290       0x2d /opt/Atollic_TrueSTUDIO_for_STM32_x86_64_9.0.0/ARMTools/bin/../lib/gcc/arm-atollic-eabi/6.3.1/../../../../arm-atollic-eabi/lib/armv7-m/libc_nano.a(lib_a-memcpy-stub.o)
 .ARM.attributes
                0x00000000000002bd       0x2d /opt/Atollic_TrueSTUDIO_for_STM32_x86_64_9.0.0/ARMTools/bin/../lib/gcc/arm-atollic-eabi/6.3.1/../../../../arm-atollic-eabi/lib/armv7-m/libc_nano.a(lib_a-memset.o)
 .ARM.attributes
                0x00000000000002ea       0x2d /opt/Atollic_TrueSTUDIO_for_STM32_x86_64_9.0.0/ARMTools/bin/../lib/gcc/arm-atollic-eabi/6.3.1/../../../../arm-atollic-eabi/lib/armv7-m/libc_nano.a(lib_a-strncpy.o)
 .ARM.attributes
                0x0000000000000317       0x1d /opt/Atollic_TrueSTUDIO_for_STM32_x86_64_9.0.0/ARMTools/bin/../lib/gcc/arm-atollic-eabi/6.3.1/armv7-m/crtn.o
OUTPUT(IAR_STM32F103ZE_FreeRTOS_Simple_Demo.elf elf32-littlearm)

.debug_info     0x0000000000000000     0x4e50
 .debug_info    0x0000000000000000      0xa9e FreeRTOS_Source/list.o
 .debug_info    0x0000000000000a9e      0x1bf FreeRTOS_Source/portable/GCC/ARM_CM3/port.o
 .debug_info    0x0000000000000c5d      0x991 FreeRTOS_Source/portable/MemMang/heap_1.o
 .debug_info    0x00000000000015ee     0x1071 FreeRTOS_Source/queue.o
 .debug_info    0x000000000000265f     0x158d FreeRTOS_Source/tasks.o
 .debug_info    0x0000000000003bec      0x6ee FreeRTOS_Source/timers.o
 .debug_info    0x00000000000042da      0x50e src/main.o
 .debug_info    0x00000000000047e8       0xa0 src/startup_stm32f10x_hd.o
 .debug_info    0x0000000000004888      0x121 src/stm32f10x_it.o
 .debug_info    0x00000000000049a9      0x4a7 src/system_stm32f10x.o

.debug_abbrev   0x0000000000000000      0xf74
 .debug_abbrev  0x0000000000000000      0x1b0 FreeRTOS_Source/list.o
 .debug_abbrev  0x00000000000001b0      0x12e FreeRTOS_Source/portable/GCC/ARM_CM3/port.o
 .debug_abbrev  0x00000000000002de      0x225 FreeRTOS_Source/portable/MemMang/heap_1.o
 .debug_abbrev  0x0000000000000503      0x273 FreeRTOS_Source/queue.o
 .debug_abbrev  0x0000000000000776      0x2c5 FreeRTOS_Source/tasks.o
 .debug_abbrev  0x0000000000000a3b      0x18f FreeRTOS_Source/timers.o
 .debug_abbrev  0x0000000000000bca      0x1b2 src/main.o
 .debug_abbrev  0x0000000000000d7c       0x12 src/startup_stm32f10x_hd.o
 .debug_abbrev  0x0000000000000d8e       0x78 src/stm32f10x_it.o
 .debug_abbrev  0x0000000000000e06      0x16e src/system_stm32f10x.o

.debug_aranges  0x0000000000000000      0x478
 .debug_aranges
                0x0000000000000000       0x40 FreeRTOS_Source/list.o
 .debug_aranges
                0x0000000000000040       0x70 FreeRTOS_Source/portable/GCC/ARM_CM3/port.o
 .debug_aranges
                0x00000000000000b0       0x38 FreeRTOS_Source/portable/MemMang/heap_1.o
 .debug_aranges
                0x00000000000000e8       0xb8 FreeRTOS_Source/queue.o
 .debug_aranges
                0x00000000000001a0      0x138 FreeRTOS_Source/tasks.o
 .debug_aranges
                0x00000000000002d8       0x88 FreeRTOS_Source/timers.o
 .debug_aranges
                0x0000000000000360       0x70 src/main.o
 .debug_aranges
                0x00000000000003d0       0x28 src/startup_stm32f10x_hd.o
 .debug_aranges
                0x00000000000003f8       0x48 src/stm32f10x_it.o
 .debug_aranges
                0x0000000000000440       0x38 src/system_stm32f10x.o

.debug_ranges   0x0000000000000000      0x3e0
 .debug_ranges  0x0000000000000000       0x30 FreeRTOS_Source/list.o
 .debug_ranges  0x0000000000000030       0x60 FreeRTOS_Source/portable/GCC/ARM_CM3/port.o
 .debug_ranges  0x0000000000000090       0x28 FreeRTOS_Source/portable/MemMang/heap_1.o
 .debug_ranges  0x00000000000000b8       0xa8 FreeRTOS_Source/queue.o
 .debug_ranges  0x0000000000000160      0x128 FreeRTOS_Source/tasks.o
 .debug_ranges  0x0000000000000288       0x78 FreeRTOS_Source/timers.o
 .debug_ranges  0x0000000000000300       0x60 src/main.o
 .debug_ranges  0x0000000000000360       0x20 src/startup_stm32f10x_hd.o
 .debug_ranges  0x0000000000000380       0x38 src/stm32f10x_it.o
 .debug_ranges  0x00000000000003b8       0x28 src/system_stm32f10x.o

.debug_line     0x0000000000000000     0x1dc8
 .debug_line    0x0000000000000000      0x258 FreeRTOS_Source/list.o
 .debug_line    0x0000000000000258      0x168 FreeRTOS_Source/portable/GCC/ARM_CM3/port.o
 .debug_line    0x00000000000003c0      0x1e6 FreeRTOS_Source/portable/MemMang/heap_1.o
 .debug_line    0x00000000000005a6      0x575 FreeRTOS_Source/queue.o
 .debug_line    0x0000000000000b1b      0x809 FreeRTOS_Source/tasks.o
 .debug_line    0x0000000000001324      0x285 FreeRTOS_Source/timers.o
 .debug_line    0x00000000000015a9      0x38a src/main.o
 .debug_line    0x0000000000001933       0x7a src/startup_stm32f10x_hd.o
 .debug_line    0x00000000000019ad      0x1e7 src/stm32f10x_it.o
 .debug_line    0x0000000000001b94      0x234 src/system_stm32f10x.o

.debug_str      0x0000000000000000     0x1a69
 .debug_str     0x0000000000000000      0x69a FreeRTOS_Source/list.o
                                        0x711 (size before relaxing)
 .debug_str     0x000000000000069a      0x152 FreeRTOS_Source/portable/GCC/ARM_CM3/port.o
                                        0x2cb (size before relaxing)
 .debug_str     0x00000000000007ec       0xd5 FreeRTOS_Source/portable/MemMang/heap_1.o
                                        0x6a2 (size before relaxing)
 .debug_str     0x00000000000008c1      0x3bf FreeRTOS_Source/queue.o
                                        0xa59 (size before relaxing)
 .debug_str     0x0000000000000c80      0x6c4 FreeRTOS_Source/tasks.o
                                        0xdc6 (size before relaxing)
 .debug_str     0x0000000000001344      0x34c FreeRTOS_Source/timers.o
                                        0x5c6 (size before relaxing)
 .debug_str     0x0000000000001690      0x25a src/main.o
                                        0x4c0 (size before relaxing)
 .debug_str     0x00000000000018ea       0x7b src/stm32f10x_it.o
                                        0x24d (size before relaxing)
 .debug_str     0x0000000000001965      0x104 src/system_stm32f10x.o
                                        0x354 (size before relaxing)

.comment        0x0000000000000000       0x7c
 .comment       0x0000000000000000       0x7c FreeRTOS_Source/list.o
                                         0x7d (size before relaxing)
 .comment       0x000000000000007c       0x7d FreeRTOS_Source/portable/GCC/ARM_CM3/port.o
 .comment       0x000000000000007c       0x7d FreeRTOS_Source/portable/MemMang/heap_1.o
 .comment       0x000000000000007c       0x7d FreeRTOS_Source/queue.o
 .comment       0x000000000000007c       0x7d FreeRTOS_Source/tasks.o
 .comment       0x000000000000007c       0x7d FreeRTOS_Source/timers.o
 .comment       0x000000000000007c       0x7d src/main.o
 .comment       0x000000000000007c       0x7d src/stm32f10x_it.o
 .comment       0x000000000000007c       0x7d src/system_stm32f10x.o

.debug_frame    0x0000000000000000     0x1068
 .debug_frame   0x0000000000000000       0xd8 FreeRTOS_Source/list.o
 .debug_frame   0x00000000000000d8      0x148 FreeRTOS_Source/portable/GCC/ARM_CM3/port.o
 .debug_frame   0x0000000000000220       0x9c FreeRTOS_Source/portable/MemMang/heap_1.o
 .debug_frame   0x00000000000002bc      0x2f4 FreeRTOS_Source/queue.o
 .debug_frame   0x00000000000005b0      0x524 FreeRTOS_Source/tasks.o
 .debug_frame   0x0000000000000ad4      0x20c FreeRTOS_Source/timers.o
 .debug_frame   0x0000000000000ce0      0x178 src/main.o
 .debug_frame   0x0000000000000e58       0xb0 src/stm32f10x_it.o
 .debug_frame   0x0000000000000f08       0x98 src/system_stm32f10x.o
 .debug_frame   0x0000000000000fa0       0x2c /opt/Atollic_TrueSTUDIO_for_STM32_x86_64_9.0.0/ARMTools/bin/../lib/gcc/arm-atollic-eabi/6.3.1/../../../../arm-atollic-eabi/lib/armv7-m/libc_nano.a(lib_a-init.o)
 .debug_frame   0x0000000000000fcc       0x28 /opt/Atollic_TrueSTUDIO_for_STM32_x86_64_9.0.0/ARMTools/bin/../lib/gcc/arm-atollic-eabi/6.3.1/../../../../arm-atollic-eabi/lib/armv7-m/libc_nano.a(lib_a-memcmp.o)
 .debug_frame   0x0000000000000ff4       0x28 /opt/Atollic_TrueSTUDIO_for_STM32_x86_64_9.0.0/ARMTools/bin/../lib/gcc/arm-atollic-eabi/6.3.1/../../../../arm-atollic-eabi/lib/armv7-m/libc_nano.a(lib_a-memcpy-stub.o)
 .debug_frame   0x000000000000101c       0x20 /opt/Atollic_TrueSTUDIO_for_STM32_x86_64_9.0.0/ARMTools/bin/../lib/gcc/arm-atollic-eabi/6.3.1/../../../../arm-atollic-eabi/lib/armv7-m/libc_nano.a(lib_a-memset.o)
 .debug_frame   0x000000000000103c       0x2c /opt/Atollic_TrueSTUDIO_for_STM32_x86_64_9.0.0/ARMTools/bin/../lib/gcc/arm-atollic-eabi/6.3.1/../../../../arm-atollic-eabi/lib/armv7-m/libc_nano.a(lib_a-strncpy.o)

.stabstr        0x0000000000000000       0x3f
 .stabstr       0x0000000000000000       0x3f /opt/Atollic_TrueSTUDIO_for_STM32_x86_64_9.0.0/ARMTools/bin/../lib/gcc/arm-atollic-eabi/6.3.1/../../../../arm-atollic-eabi/lib/armv7-m/libnosys.a(write.o)

Cross Reference Table

Symbol                                            File
ADC1_2_IRQHandler                                 src/startup_stm32f10x_hd.o
ADC3_IRQHandler                                   src/startup_stm32f10x_hd.o
ADC_AnalogWatchdogCmd                             Libraries/STM32F10x_StdPeriph_Driver/src/stm32f10x_adc.o
ADC_AnalogWatchdogSingleChannelConfig             Libraries/STM32F10x_StdPeriph_Driver/src/stm32f10x_adc.o
ADC_AnalogWatchdogThresholdsConfig                Libraries/STM32F10x_StdPeriph_Driver/src/stm32f10x_adc.o
ADC_AutoInjectedConvCmd                           Libraries/STM32F10x_StdPeriph_Driver/src/stm32f10x_adc.o
ADC_ClearFlag                                     Libraries/STM32F10x_StdPeriph_Driver/src/stm32f10x_adc.o
ADC_ClearITPendingBit                             Libraries/STM32F10x_StdPeriph_Driver/src/stm32f10x_adc.o
ADC_Cmd                                           Libraries/STM32F10x_StdPeriph_Driver/src/stm32f10x_adc.o
ADC_DMACmd                                        Libraries/STM32F10x_StdPeriph_Driver/src/stm32f10x_adc.o
ADC_DeInit                                        Libraries/STM32F10x_StdPeriph_Driver/src/stm32f10x_adc.o
ADC_DiscModeChannelCountConfig                    Libraries/STM32F10x_StdPeriph_Driver/src/stm32f10x_adc.o
ADC_DiscModeCmd                                   Libraries/STM32F10x_StdPeriph_Driver/src/stm32f10x_adc.o
ADC_ExternalTrigConvCmd                           Libraries/STM32F10x_StdPeriph_Driver/src/stm32f10x_adc.o
ADC_ExternalTrigInjectedConvCmd                   Libraries/STM32F10x_StdPeriph_Driver/src/stm32f10x_adc.o
ADC_ExternalTrigInjectedConvConfig                Libraries/STM32F10x_StdPeriph_Driver/src/stm32f10x_adc.o
ADC_GetCalibrationStatus                          Libraries/STM32F10x_StdPeriph_Driver/src/stm32f10x_adc.o
ADC_GetConversionValue                            Libraries/STM32F10x_StdPeriph_Driver/src/stm32f10x_adc.o
ADC_GetDualModeConversionValue                    Libraries/STM32F10x_StdPeriph_Driver/src/stm32f10x_adc.o
ADC_GetFlagStatus                                 Libraries/STM32F10x_StdPeriph_Driver/src/stm32f10x_adc.o
ADC_GetITStatus                                   Libraries/STM32F10x_StdPeriph_Driver/src/stm32f10x_adc.o
ADC_GetInjectedConversionValue                    Libraries/STM32F10x_StdPeriph_Driver/src/stm32f10x_adc.o
ADC_GetResetCalibrationStatus                     Libraries/STM32F10x_StdPeriph_Driver/src/stm32f10x_adc.o
ADC_GetSoftwareStartConvStatus                    Libraries/STM32F10x_StdPeriph_Driver/src/stm32f10x_adc.o
ADC_GetSoftwareStartInjectedConvCmdStatus         Libraries/STM32F10x_StdPeriph_Driver/src/stm32f10x_adc.o
ADC_ITConfig                                      Libraries/STM32F10x_StdPeriph_Driver/src/stm32f10x_adc.o
ADC_Init                                          Libraries/STM32F10x_StdPeriph_Driver/src/stm32f10x_adc.o
ADC_InjectedChannelConfig                         Libraries/STM32F10x_StdPeriph_Driver/src/stm32f10x_adc.o
ADC_InjectedDiscModeCmd                           Libraries/STM32F10x_StdPeriph_Driver/src/stm32f10x_adc.o
ADC_InjectedSequencerLengthConfig                 Libraries/STM32F10x_StdPeriph_Driver/src/stm32f10x_adc.o
ADC_RegularChannelConfig                          Libraries/STM32F10x_StdPeriph_Driver/src/stm32f10x_adc.o
ADC_ResetCalibration                              Libraries/STM32F10x_StdPeriph_Driver/src/stm32f10x_adc.o
ADC_SetInjectedOffset                             Libraries/STM32F10x_StdPeriph_Driver/src/stm32f10x_adc.o
ADC_SoftwareStartConvCmd                          Libraries/STM32F10x_StdPeriph_Driver/src/stm32f10x_adc.o
ADC_SoftwareStartInjectedConvCmd                  Libraries/STM32F10x_StdPeriph_Driver/src/stm32f10x_adc.o
ADC_StartCalibration                              Libraries/STM32F10x_StdPeriph_Driver/src/stm32f10x_adc.o
ADC_StructInit                                    Libraries/STM32F10x_StdPeriph_Driver/src/stm32f10x_adc.o
ADC_TempSensorVrefintCmd                          Libraries/STM32F10x_StdPeriph_Driver/src/stm32f10x_adc.o
AHBPrescTable                                     src/system_stm32f10x.o
BKP_ClearFlag                                     Libraries/STM32F10x_StdPeriph_Driver/src/stm32f10x_bkp.o
BKP_ClearITPendingBit                             Libraries/STM32F10x_StdPeriph_Driver/src/stm32f10x_bkp.o
BKP_DeInit                                        Libraries/STM32F10x_StdPeriph_Driver/src/stm32f10x_bkp.o
BKP_GetFlagStatus                                 Libraries/STM32F10x_StdPeriph_Driver/src/stm32f10x_bkp.o
BKP_GetITStatus                                   Libraries/STM32F10x_StdPeriph_Driver/src/stm32f10x_bkp.o
BKP_ITConfig                                      Libraries/STM32F10x_StdPeriph_Driver/src/stm32f10x_bkp.o
BKP_RTCOutputConfig                               Libraries/STM32F10x_StdPeriph_Driver/src/stm32f10x_bkp.o
BKP_ReadBackupRegister                            Libraries/STM32F10x_StdPeriph_Driver/src/stm32f10x_bkp.o
BKP_SetRTCCalibrationValue                        Libraries/STM32F10x_StdPeriph_Driver/src/stm32f10x_bkp.o
BKP_TamperPinCmd                                  Libraries/STM32F10x_StdPeriph_Driver/src/stm32f10x_bkp.o
BKP_TamperPinLevelConfig                          Libraries/STM32F10x_StdPeriph_Driver/src/stm32f10x_bkp.o
BKP_WriteBackupRegister                           Libraries/STM32F10x_StdPeriph_Driver/src/stm32f10x_bkp.o
BusFault_Handler                                  src/stm32f10x_it.o
                                                  src/startup_stm32f10x_hd.o
CAN1_RX1_IRQHandler                               src/startup_stm32f10x_hd.o
CAN1_SCE_IRQHandler                               src/startup_stm32f10x_hd.o
CAN_CancelTransmit                                Libraries/STM32F10x_StdPeriph_Driver/src/stm32f10x_can.o
CAN_ClearFlag                                     Libraries/STM32F10x_StdPeriph_Driver/src/stm32f10x_can.o
CAN_ClearITPendingBit                             Libraries/STM32F10x_StdPeriph_Driver/src/stm32f10x_can.o
CAN_DBGFreeze                                     Libraries/STM32F10x_StdPeriph_Driver/src/stm32f10x_can.o
CAN_DeInit                                        Libraries/STM32F10x_StdPeriph_Driver/src/stm32f10x_can.o
CAN_FIFORelease                                   Libraries/STM32F10x_StdPeriph_Driver/src/stm32f10x_can.o
CAN_FilterInit                                    Libraries/STM32F10x_StdPeriph_Driver/src/stm32f10x_can.o
CAN_GetFlagStatus                                 Libraries/STM32F10x_StdPeriph_Driver/src/stm32f10x_can.o
CAN_GetITStatus                                   Libraries/STM32F10x_StdPeriph_Driver/src/stm32f10x_can.o
CAN_GetLSBTransmitErrorCounter                    Libraries/STM32F10x_StdPeriph_Driver/src/stm32f10x_can.o
CAN_GetLastErrorCode                              Libraries/STM32F10x_StdPeriph_Driver/src/stm32f10x_can.o
CAN_GetReceiveErrorCounter                        Libraries/STM32F10x_StdPeriph_Driver/src/stm32f10x_can.o
CAN_ITConfig                                      Libraries/STM32F10x_StdPeriph_Driver/src/stm32f10x_can.o
CAN_Init                                          Libraries/STM32F10x_StdPeriph_Driver/src/stm32f10x_can.o
CAN_MessagePending                                Libraries/STM32F10x_StdPeriph_Driver/src/stm32f10x_can.o
CAN_OperatingModeRequest                          Libraries/STM32F10x_StdPeriph_Driver/src/stm32f10x_can.o
CAN_Receive                                       Libraries/STM32F10x_StdPeriph_Driver/src/stm32f10x_can.o
CAN_SlaveStartBank                                Libraries/STM32F10x_StdPeriph_Driver/src/stm32f10x_can.o
CAN_Sleep                                         Libraries/STM32F10x_StdPeriph_Driver/src/stm32f10x_can.o
CAN_StructInit                                    Libraries/STM32F10x_StdPeriph_Driver/src/stm32f10x_can.o
CAN_TTComModeCmd                                  Libraries/STM32F10x_StdPeriph_Driver/src/stm32f10x_can.o
CAN_Transmit                                      Libraries/STM32F10x_StdPeriph_Driver/src/stm32f10x_can.o
CAN_TransmitStatus                                Libraries/STM32F10x_StdPeriph_Driver/src/stm32f10x_can.o
CAN_WakeUp                                        Libraries/STM32F10x_StdPeriph_Driver/src/stm32f10x_can.o
CEC_ClearFlag                                     Libraries/STM32F10x_StdPeriph_Driver/src/stm32f10x_cec.o
CEC_ClearITPendingBit                             Libraries/STM32F10x_StdPeriph_Driver/src/stm32f10x_cec.o
CEC_Cmd                                           Libraries/STM32F10x_StdPeriph_Driver/src/stm32f10x_cec.o
CEC_DeInit                                        Libraries/STM32F10x_StdPeriph_Driver/src/stm32f10x_cec.o
CEC_EndOfMessageCmd                               Libraries/STM32F10x_StdPeriph_Driver/src/stm32f10x_cec.o
CEC_GetFlagStatus                                 Libraries/STM32F10x_StdPeriph_Driver/src/stm32f10x_cec.o
CEC_GetITStatus                                   Libraries/STM32F10x_StdPeriph_Driver/src/stm32f10x_cec.o
CEC_ITConfig                                      Libraries/STM32F10x_StdPeriph_Driver/src/stm32f10x_cec.o
CEC_Init                                          Libraries/STM32F10x_StdPeriph_Driver/src/stm32f10x_cec.o
CEC_OwnAddressConfig                              Libraries/STM32F10x_StdPeriph_Driver/src/stm32f10x_cec.o
CEC_ReceiveDataByte                               Libraries/STM32F10x_StdPeriph_Driver/src/stm32f10x_cec.o
CEC_SendDataByte                                  Libraries/STM32F10x_StdPeriph_Driver/src/stm32f10x_cec.o
CEC_SetPrescaler                                  Libraries/STM32F10x_StdPeriph_Driver/src/stm32f10x_cec.o
CEC_StartOfMessage                                Libraries/STM32F10x_StdPeriph_Driver/src/stm32f10x_cec.o
CRC_CalcBlockCRC                                  Libraries/STM32F10x_StdPeriph_Driver/src/stm32f10x_crc.o
CRC_CalcCRC                                       Libraries/STM32F10x_StdPeriph_Driver/src/stm32f10x_crc.o
CRC_GetCRC                                        Libraries/STM32F10x_StdPeriph_Driver/src/stm32f10x_crc.o
CRC_GetIDRegister                                 Libraries/STM32F10x_StdPeriph_Driver/src/stm32f10x_crc.o
CRC_ResetDR                                       Libraries/STM32F10x_StdPeriph_Driver/src/stm32f10x_crc.o
CRC_SetIDRegister                                 Libraries/STM32F10x_StdPeriph_Driver/src/stm32f10x_crc.o
DAC_Cmd                                           Libraries/STM32F10x_StdPeriph_Driver/src/stm32f10x_dac.o
DAC_DMACmd                                        Libraries/STM32F10x_StdPeriph_Driver/src/stm32f10x_dac.o
DAC_DeInit                                        Libraries/STM32F10x_StdPeriph_Driver/src/stm32f10x_dac.o
DAC_DualSoftwareTriggerCmd                        Libraries/STM32F10x_StdPeriph_Driver/src/stm32f10x_dac.o
DAC_GetDataOutputValue                            Libraries/STM32F10x_StdPeriph_Driver/src/stm32f10x_dac.o
DAC_Init                                          Libraries/STM32F10x_StdPeriph_Driver/src/stm32f10x_dac.o
DAC_SetChannel1Data                               Libraries/STM32F10x_StdPeriph_Driver/src/stm32f10x_dac.o
DAC_SetChannel2Data                               Libraries/STM32F10x_StdPeriph_Driver/src/stm32f10x_dac.o
DAC_SetDualChannelData                            Libraries/STM32F10x_StdPeriph_Driver/src/stm32f10x_dac.o
DAC_SoftwareTriggerCmd                            Libraries/STM32F10x_StdPeriph_Driver/src/stm32f10x_dac.o
DAC_StructInit                                    Libraries/STM32F10x_StdPeriph_Driver/src/stm32f10x_dac.o
DAC_WaveGenerationCmd                             Libraries/STM32F10x_StdPeriph_Driver/src/stm32f10x_dac.o
DBGMCU_Config                                     Libraries/STM32F10x_StdPeriph_Driver/src/stm32f10x_dbgmcu.o
DBGMCU_GetDEVID                                   Libraries/STM32F10x_StdPeriph_Driver/src/stm32f10x_dbgmcu.o
DBGMCU_GetREVID                                   Libraries/STM32F10x_StdPeriph_Driver/src/stm32f10x_dbgmcu.o
DMA1_Channel1_IRQHandler                          src/startup_stm32f10x_hd.o
DMA1_Channel2_IRQHandler                          src/startup_stm32f10x_hd.o
DMA1_Channel3_IRQHandler                          src/startup_stm32f10x_hd.o
DMA1_Channel4_IRQHandler                          src/startup_stm32f10x_hd.o
DMA1_Channel5_IRQHandler                          src/startup_stm32f10x_hd.o
DMA1_Channel6_IRQHandler                          src/startup_stm32f10x_hd.o
DMA1_Channel7_IRQHandler                          src/startup_stm32f10x_hd.o
DMA2_Channel1_IRQHandler                          src/startup_stm32f10x_hd.o
DMA2_Channel2_IRQHandler                          src/startup_stm32f10x_hd.o
DMA2_Channel3_IRQHandler                          src/startup_stm32f10x_hd.o
DMA2_Channel4_5_IRQHandler                        src/startup_stm32f10x_hd.o
DMA_ClearFlag                                     Libraries/STM32F10x_StdPeriph_Driver/src/stm32f10x_dma.o
DMA_ClearITPendingBit                             Libraries/STM32F10x_StdPeriph_Driver/src/stm32f10x_dma.o
DMA_Cmd                                           Libraries/STM32F10x_StdPeriph_Driver/src/stm32f10x_dma.o
DMA_DeInit                                        Libraries/STM32F10x_StdPeriph_Driver/src/stm32f10x_dma.o
DMA_GetCurrDataCounter                            Libraries/STM32F10x_StdPeriph_Driver/src/stm32f10x_dma.o
DMA_GetFlagStatus                                 Libraries/STM32F10x_StdPeriph_Driver/src/stm32f10x_dma.o
DMA_GetITStatus                                   Libraries/STM32F10x_StdPeriph_Driver/src/stm32f10x_dma.o
DMA_ITConfig                                      Libraries/STM32F10x_StdPeriph_Driver/src/stm32f10x_dma.o
DMA_Init                                          Libraries/STM32F10x_StdPeriph_Driver/src/stm32f10x_dma.o
DMA_SetCurrDataCounter                            Libraries/STM32F10x_StdPeriph_Driver/src/stm32f10x_dma.o
DMA_StructInit                                    Libraries/STM32F10x_StdPeriph_Driver/src/stm32f10x_dma.o
DebugMon_Handler                                  src/stm32f10x_it.o
                                                  src/startup_stm32f10x_hd.o
Default_Handler                                   src/startup_stm32f10x_hd.o
EXTI0_IRQHandler                                  src/startup_stm32f10x_hd.o
EXTI15_10_IRQHandler                              src/startup_stm32f10x_hd.o
EXTI1_IRQHandler                                  src/startup_stm32f10x_hd.o
EXTI2_IRQHandler                                  src/startup_stm32f10x_hd.o
EXTI3_IRQHandler                                  src/startup_stm32f10x_hd.o
EXTI4_IRQHandler                                  src/startup_stm32f10x_hd.o
EXTI9_5_IRQHandler                                src/startup_stm32f10x_hd.o
EXTI_ClearFlag                                    Libraries/STM32F10x_StdPeriph_Driver/src/stm32f10x_exti.o
EXTI_ClearITPendingBit                            Libraries/STM32F10x_StdPeriph_Driver/src/stm32f10x_exti.o
EXTI_DeInit                                       Libraries/STM32F10x_StdPeriph_Driver/src/stm32f10x_exti.o
EXTI_GenerateSWInterrupt                          Libraries/STM32F10x_StdPeriph_Driver/src/stm32f10x_exti.o
EXTI_GetFlagStatus                                Libraries/STM32F10x_StdPeriph_Driver/src/stm32f10x_exti.o
EXTI_GetITStatus                                  Libraries/STM32F10x_StdPeriph_Driver/src/stm32f10x_exti.o
EXTI_Init                                         Libraries/STM32F10x_StdPeriph_Driver/src/stm32f10x_exti.o
EXTI_StructInit                                   Libraries/STM32F10x_StdPeriph_Driver/src/stm32f10x_exti.o
FLASH_ClearFlag                                   Libraries/STM32F10x_StdPeriph_Driver/src/stm32f10x_flash.o
FLASH_EnableWriteProtection                       Libraries/STM32F10x_StdPeriph_Driver/src/stm32f10x_flash.o
FLASH_EraseAllBank1Pages                          Libraries/STM32F10x_StdPeriph_Driver/src/stm32f10x_flash.o
FLASH_EraseAllPages                               Libraries/STM32F10x_StdPeriph_Driver/src/stm32f10x_flash.o
FLASH_EraseOptionBytes                            Libraries/STM32F10x_StdPeriph_Driver/src/stm32f10x_flash.o
FLASH_ErasePage                                   Libraries/STM32F10x_StdPeriph_Driver/src/stm32f10x_flash.o
FLASH_GetBank1Status                              Libraries/STM32F10x_StdPeriph_Driver/src/stm32f10x_flash.o
FLASH_GetFlagStatus                               Libraries/STM32F10x_StdPeriph_Driver/src/stm32f10x_flash.o
FLASH_GetPrefetchBufferStatus                     Libraries/STM32F10x_StdPeriph_Driver/src/stm32f10x_flash.o
FLASH_GetReadOutProtectionStatus                  Libraries/STM32F10x_StdPeriph_Driver/src/stm32f10x_flash.o
FLASH_GetStatus                                   Libraries/STM32F10x_StdPeriph_Driver/src/stm32f10x_flash.o
FLASH_GetUserOptionByte                           Libraries/STM32F10x_StdPeriph_Driver/src/stm32f10x_flash.o
FLASH_GetWriteProtectionOptionByte                Libraries/STM32F10x_StdPeriph_Driver/src/stm32f10x_flash.o
FLASH_HalfCycleAccessCmd                          Libraries/STM32F10x_StdPeriph_Driver/src/stm32f10x_flash.o
FLASH_IRQHandler                                  src/startup_stm32f10x_hd.o
FLASH_ITConfig                                    Libraries/STM32F10x_StdPeriph_Driver/src/stm32f10x_flash.o
FLASH_Lock                                        Libraries/STM32F10x_StdPeriph_Driver/src/stm32f10x_flash.o
FLASH_LockBank1                                   Libraries/STM32F10x_StdPeriph_Driver/src/stm32f10x_flash.o
FLASH_PrefetchBufferCmd                           Libraries/STM32F10x_StdPeriph_Driver/src/stm32f10x_flash.o
FLASH_ProgramHalfWord                             Libraries/STM32F10x_StdPeriph_Driver/src/stm32f10x_flash.o
FLASH_ProgramOptionByteData                       Libraries/STM32F10x_StdPeriph_Driver/src/stm32f10x_flash.o
FLASH_ProgramWord                                 Libraries/STM32F10x_StdPeriph_Driver/src/stm32f10x_flash.o
FLASH_ReadOutProtection                           Libraries/STM32F10x_StdPeriph_Driver/src/stm32f10x_flash.o
FLASH_SetLatency                                  Libraries/STM32F10x_StdPeriph_Driver/src/stm32f10x_flash.o
FLASH_Unlock                                      Libraries/STM32F10x_StdPeriph_Driver/src/stm32f10x_flash.o
FLASH_UnlockBank1                                 Libraries/STM32F10x_StdPeriph_Driver/src/stm32f10x_flash.o
FLASH_UserOptionByteConfig                        Libraries/STM32F10x_StdPeriph_Driver/src/stm32f10x_flash.o
FLASH_WaitForLastBank1Operation                   Libraries/STM32F10x_StdPeriph_Driver/src/stm32f10x_flash.o
FLASH_WaitForLastOperation                        Libraries/STM32F10x_StdPeriph_Driver/src/stm32f10x_flash.o
FSMC_ClearFlag                                    Libraries/STM32F10x_StdPeriph_Driver/src/stm32f10x_fsmc.o
FSMC_ClearITPendingBit                            Libraries/STM32F10x_StdPeriph_Driver/src/stm32f10x_fsmc.o
FSMC_GetECC                                       Libraries/STM32F10x_StdPeriph_Driver/src/stm32f10x_fsmc.o
FSMC_GetFlagStatus                                Libraries/STM32F10x_StdPeriph_Driver/src/stm32f10x_fsmc.o
FSMC_GetITStatus                                  Libraries/STM32F10x_StdPeriph_Driver/src/stm32f10x_fsmc.o
FSMC_IRQHandler                                   src/startup_stm32f10x_hd.o
FSMC_ITConfig                                     Libraries/STM32F10x_StdPeriph_Driver/src/stm32f10x_fsmc.o
FSMC_NANDCmd                                      Libraries/STM32F10x_StdPeriph_Driver/src/stm32f10x_fsmc.o
FSMC_NANDDeInit                                   Libraries/STM32F10x_StdPeriph_Driver/src/stm32f10x_fsmc.o
FSMC_NANDECCCmd                                   Libraries/STM32F10x_StdPeriph_Driver/src/stm32f10x_fsmc.o
FSMC_NANDInit                                     Libraries/STM32F10x_StdPeriph_Driver/src/stm32f10x_fsmc.o
FSMC_NANDStructInit                               Libraries/STM32F10x_StdPeriph_Driver/src/stm32f10x_fsmc.o
FSMC_NORSRAMCmd                                   Libraries/STM32F10x_StdPeriph_Driver/src/stm32f10x_fsmc.o
FSMC_NORSRAMDeInit                                Libraries/STM32F10x_StdPeriph_Driver/src/stm32f10x_fsmc.o
FSMC_NORSRAMInit                                  Libraries/STM32F10x_StdPeriph_Driver/src/stm32f10x_fsmc.o
FSMC_NORSRAMStructInit                            Libraries/STM32F10x_StdPeriph_Driver/src/stm32f10x_fsmc.o
FSMC_PCCARDCmd                                    Libraries/STM32F10x_StdPeriph_Driver/src/stm32f10x_fsmc.o
FSMC_PCCARDDeInit                                 Libraries/STM32F10x_StdPeriph_Driver/src/stm32f10x_fsmc.o
FSMC_PCCARDInit                                   Libraries/STM32F10x_StdPeriph_Driver/src/stm32f10x_fsmc.o
FSMC_PCCARDStructInit                             Libraries/STM32F10x_StdPeriph_Driver/src/stm32f10x_fsmc.o
GPIO_AFIODeInit                                   Libraries/STM32F10x_StdPeriph_Driver/src/stm32f10x_gpio.o
GPIO_CLK                                          Utilities/STM32_EVAL/IAR_STM32F103ZE/board.o
GPIO_DeInit                                       Libraries/STM32F10x_StdPeriph_Driver/src/stm32f10x_gpio.o
GPIO_ETH_MediaInterfaceConfig                     Libraries/STM32F10x_StdPeriph_Driver/src/stm32f10x_gpio.o
GPIO_EXTILineConfig                               Libraries/STM32F10x_StdPeriph_Driver/src/stm32f10x_gpio.o
GPIO_EventOutputCmd                               Libraries/STM32F10x_StdPeriph_Driver/src/stm32f10x_gpio.o
GPIO_EventOutputConfig                            Libraries/STM32F10x_StdPeriph_Driver/src/stm32f10x_gpio.o
GPIO_Init                                         Libraries/STM32F10x_StdPeriph_Driver/src/stm32f10x_gpio.o
                                                  Utilities/STM32_EVAL/IAR_STM32F103ZE/board.o
GPIO_PIN                                          Utilities/STM32_EVAL/IAR_STM32F103ZE/board.o
GPIO_PORT                                         Utilities/STM32_EVAL/IAR_STM32F103ZE/board.o
GPIO_PinLockConfig                                Libraries/STM32F10x_StdPeriph_Driver/src/stm32f10x_gpio.o
GPIO_PinRemapConfig                               Libraries/STM32F10x_StdPeriph_Driver/src/stm32f10x_gpio.o
GPIO_ReadInputData                                Libraries/STM32F10x_StdPeriph_Driver/src/stm32f10x_gpio.o
GPIO_ReadInputDataBit                             Libraries/STM32F10x_StdPeriph_Driver/src/stm32f10x_gpio.o
GPIO_ReadOutputData                               Libraries/STM32F10x_StdPeriph_Driver/src/stm32f10x_gpio.o
GPIO_ReadOutputDataBit                            Libraries/STM32F10x_StdPeriph_Driver/src/stm32f10x_gpio.o
GPIO_ResetBits                                    Libraries/STM32F10x_StdPeriph_Driver/src/stm32f10x_gpio.o
GPIO_SetBits                                      Libraries/STM32F10x_StdPeriph_Driver/src/stm32f10x_gpio.o
GPIO_StructInit                                   Libraries/STM32F10x_StdPeriph_Driver/src/stm32f10x_gpio.o
GPIO_Write                                        Libraries/STM32F10x_StdPeriph_Driver/src/stm32f10x_gpio.o
GPIO_WriteBit                                     Libraries/STM32F10x_StdPeriph_Driver/src/stm32f10x_gpio.o
HardFault_Handler                                 src/stm32f10x_it.o
                                                  src/startup_stm32f10x_hd.o
I2C1_ER_IRQHandler                                src/startup_stm32f10x_hd.o
I2C1_EV_IRQHandler                                src/startup_stm32f10x_hd.o
I2C2_ER_IRQHandler                                src/startup_stm32f10x_hd.o
I2C2_EV_IRQHandler                                src/startup_stm32f10x_hd.o
I2C_ARPCmd                                        Libraries/STM32F10x_StdPeriph_Driver/src/stm32f10x_i2c.o
I2C_AcknowledgeConfig                             Libraries/STM32F10x_StdPeriph_Driver/src/stm32f10x_i2c.o
I2C_CalculatePEC                                  Libraries/STM32F10x_StdPeriph_Driver/src/stm32f10x_i2c.o
I2C_CheckEvent                                    Libraries/STM32F10x_StdPeriph_Driver/src/stm32f10x_i2c.o
I2C_ClearFlag                                     Libraries/STM32F10x_StdPeriph_Driver/src/stm32f10x_i2c.o
I2C_ClearITPendingBit                             Libraries/STM32F10x_StdPeriph_Driver/src/stm32f10x_i2c.o
I2C_Cmd                                           Libraries/STM32F10x_StdPeriph_Driver/src/stm32f10x_i2c.o
I2C_DMACmd                                        Libraries/STM32F10x_StdPeriph_Driver/src/stm32f10x_i2c.o
I2C_DMALastTransferCmd                            Libraries/STM32F10x_StdPeriph_Driver/src/stm32f10x_i2c.o
I2C_DeInit                                        Libraries/STM32F10x_StdPeriph_Driver/src/stm32f10x_i2c.o
I2C_DualAddressCmd                                Libraries/STM32F10x_StdPeriph_Driver/src/stm32f10x_i2c.o
I2C_FastModeDutyCycleConfig                       Libraries/STM32F10x_StdPeriph_Driver/src/stm32f10x_i2c.o
I2C_GeneralCallCmd                                Libraries/STM32F10x_StdPeriph_Driver/src/stm32f10x_i2c.o
I2C_GenerateSTART                                 Libraries/STM32F10x_StdPeriph_Driver/src/stm32f10x_i2c.o
I2C_GenerateSTOP                                  Libraries/STM32F10x_StdPeriph_Driver/src/stm32f10x_i2c.o
I2C_GetFlagStatus                                 Libraries/STM32F10x_StdPeriph_Driver/src/stm32f10x_i2c.o
I2C_GetITStatus                                   Libraries/STM32F10x_StdPeriph_Driver/src/stm32f10x_i2c.o
I2C_GetLastEvent                                  Libraries/STM32F10x_StdPeriph_Driver/src/stm32f10x_i2c.o
I2C_GetPEC                                        Libraries/STM32F10x_StdPeriph_Driver/src/stm32f10x_i2c.o
I2C_ITConfig                                      Libraries/STM32F10x_StdPeriph_Driver/src/stm32f10x_i2c.o
I2C_Init                                          Libraries/STM32F10x_StdPeriph_Driver/src/stm32f10x_i2c.o
I2C_NACKPositionConfig                            Libraries/STM32F10x_StdPeriph_Driver/src/stm32f10x_i2c.o
I2C_OwnAddress2Config                             Libraries/STM32F10x_StdPeriph_Driver/src/stm32f10x_i2c.o
I2C_PECPositionConfig                             Libraries/STM32F10x_StdPeriph_Driver/src/stm32f10x_i2c.o
I2C_ReadRegister                                  Libraries/STM32F10x_StdPeriph_Driver/src/stm32f10x_i2c.o
I2C_ReceiveData                                   Libraries/STM32F10x_StdPeriph_Driver/src/stm32f10x_i2c.o
I2C_SMBusAlertConfig                              Libraries/STM32F10x_StdPeriph_Driver/src/stm32f10x_i2c.o
I2C_Send7bitAddress                               Libraries/STM32F10x_StdPeriph_Driver/src/stm32f10x_i2c.o
I2C_SendData                                      Libraries/STM32F10x_StdPeriph_Driver/src/stm32f10x_i2c.o
I2C_SoftwareResetCmd                              Libraries/STM32F10x_StdPeriph_Driver/src/stm32f10x_i2c.o
I2C_StretchClockCmd                               Libraries/STM32F10x_StdPeriph_Driver/src/stm32f10x_i2c.o
I2C_StructInit                                    Libraries/STM32F10x_StdPeriph_Driver/src/stm32f10x_i2c.o
I2C_TransmitPEC                                   Libraries/STM32F10x_StdPeriph_Driver/src/stm32f10x_i2c.o
I2S_Cmd                                           Libraries/STM32F10x_StdPeriph_Driver/src/stm32f10x_spi.o
I2S_Init                                          Libraries/STM32F10x_StdPeriph_Driver/src/stm32f10x_spi.o
I2S_StructInit                                    Libraries/STM32F10x_StdPeriph_Driver/src/stm32f10x_spi.o
IWDG_Enable                                       Libraries/STM32F10x_StdPeriph_Driver/src/stm32f10x_iwdg.o
IWDG_GetFlagStatus                                Libraries/STM32F10x_StdPeriph_Driver/src/stm32f10x_iwdg.o
IWDG_ReloadCounter                                Libraries/STM32F10x_StdPeriph_Driver/src/stm32f10x_iwdg.o
IWDG_SetPrescaler                                 Libraries/STM32F10x_StdPeriph_Driver/src/stm32f10x_iwdg.o
IWDG_SetReload                                    Libraries/STM32F10x_StdPeriph_Driver/src/stm32f10x_iwdg.o
IWDG_WriteAccessCmd                               Libraries/STM32F10x_StdPeriph_Driver/src/stm32f10x_iwdg.o
MemManage_Handler                                 src/stm32f10x_it.o
                                                  src/startup_stm32f10x_hd.o
NMI_Handler                                       src/stm32f10x_it.o
                                                  src/startup_stm32f10x_hd.o
NVIC_Init                                         Libraries/STM32F10x_StdPeriph_Driver/src/misc.o
NVIC_PriorityGroupConfig                          Libraries/STM32F10x_StdPeriph_Driver/src/misc.o
NVIC_SetVectorTable                               Libraries/STM32F10x_StdPeriph_Driver/src/misc.o
NVIC_SystemLPConfig                               Libraries/STM32F10x_StdPeriph_Driver/src/misc.o
PVD_IRQHandler                                    src/startup_stm32f10x_hd.o
PWR_BackupAccessCmd                               Libraries/STM32F10x_StdPeriph_Driver/src/stm32f10x_pwr.o
PWR_ClearFlag                                     Libraries/STM32F10x_StdPeriph_Driver/src/stm32f10x_pwr.o
PWR_DeInit                                        Libraries/STM32F10x_StdPeriph_Driver/src/stm32f10x_pwr.o
PWR_EnterSTANDBYMode                              Libraries/STM32F10x_StdPeriph_Driver/src/stm32f10x_pwr.o
PWR_EnterSTOPMode                                 Libraries/STM32F10x_StdPeriph_Driver/src/stm32f10x_pwr.o
PWR_GetFlagStatus                                 Libraries/STM32F10x_StdPeriph_Driver/src/stm32f10x_pwr.o
PWR_PVDCmd                                        Libraries/STM32F10x_StdPeriph_Driver/src/stm32f10x_pwr.o
PWR_PVDLevelConfig                                Libraries/STM32F10x_StdPeriph_Driver/src/stm32f10x_pwr.o
PWR_WakeUpPinCmd                                  Libraries/STM32F10x_StdPeriph_Driver/src/stm32f10x_pwr.o
PendSV_Handler                                    FreeRTOS_Source/portable/GCC/ARM_CM3/port.o
RCC_ADCCLKConfig                                  Libraries/STM32F10x_StdPeriph_Driver/src/stm32f10x_rcc.o
RCC_AHBPeriphClockCmd                             Libraries/STM32F10x_StdPeriph_Driver/src/stm32f10x_rcc.o
RCC_APB1PeriphClockCmd                            Libraries/STM32F10x_StdPeriph_Driver/src/stm32f10x_rcc.o
RCC_APB1PeriphResetCmd                            Libraries/STM32F10x_StdPeriph_Driver/src/stm32f10x_rcc.o
                                                  Libraries/STM32F10x_StdPeriph_Driver/src/stm32f10x_wwdg.o
                                                  Libraries/STM32F10x_StdPeriph_Driver/src/stm32f10x_usart.o
                                                  Libraries/STM32F10x_StdPeriph_Driver/src/stm32f10x_tim.o
                                                  Libraries/STM32F10x_StdPeriph_Driver/src/stm32f10x_spi.o
                                                  Libraries/STM32F10x_StdPeriph_Driver/src/stm32f10x_pwr.o
                                                  Libraries/STM32F10x_StdPeriph_Driver/src/stm32f10x_i2c.o
                                                  Libraries/STM32F10x_StdPeriph_Driver/src/stm32f10x_dac.o
                                                  Libraries/STM32F10x_StdPeriph_Driver/src/stm32f10x_cec.o
                                                  Libraries/STM32F10x_StdPeriph_Driver/src/stm32f10x_can.o
RCC_APB2PeriphClockCmd                            Libraries/STM32F10x_StdPeriph_Driver/src/stm32f10x_rcc.o
                                                  Utilities/STM32_EVAL/IAR_STM32F103ZE/board.o
RCC_APB2PeriphResetCmd                            Libraries/STM32F10x_StdPeriph_Driver/src/stm32f10x_rcc.o
                                                  Libraries/STM32F10x_StdPeriph_Driver/src/stm32f10x_usart.o
                                                  Libraries/STM32F10x_StdPeriph_Driver/src/stm32f10x_tim.o
                                                  Libraries/STM32F10x_StdPeriph_Driver/src/stm32f10x_spi.o
                                                  Libraries/STM32F10x_StdPeriph_Driver/src/stm32f10x_gpio.o
                                                  Libraries/STM32F10x_StdPeriph_Driver/src/stm32f10x_adc.o
RCC_AdjustHSICalibrationValue                     Libraries/STM32F10x_StdPeriph_Driver/src/stm32f10x_rcc.o
RCC_BackupResetCmd                                Libraries/STM32F10x_StdPeriph_Driver/src/stm32f10x_rcc.o
                                                  Libraries/STM32F10x_StdPeriph_Driver/src/stm32f10x_bkp.o
RCC_ClearFlag                                     Libraries/STM32F10x_StdPeriph_Driver/src/stm32f10x_rcc.o
RCC_ClearITPendingBit                             Libraries/STM32F10x_StdPeriph_Driver/src/stm32f10x_rcc.o
RCC_ClockSecuritySystemCmd                        Libraries/STM32F10x_StdPeriph_Driver/src/stm32f10x_rcc.o
RCC_DeInit                                        Libraries/STM32F10x_StdPeriph_Driver/src/stm32f10x_rcc.o
RCC_GetClocksFreq                                 Libraries/STM32F10x_StdPeriph_Driver/src/stm32f10x_rcc.o
                                                  Libraries/STM32F10x_StdPeriph_Driver/src/stm32f10x_usart.o
                                                  Libraries/STM32F10x_StdPeriph_Driver/src/stm32f10x_spi.o
                                                  Libraries/STM32F10x_StdPeriph_Driver/src/stm32f10x_i2c.o
RCC_GetFlagStatus                                 Libraries/STM32F10x_StdPeriph_Driver/src/stm32f10x_rcc.o
RCC_GetITStatus                                   Libraries/STM32F10x_StdPeriph_Driver/src/stm32f10x_rcc.o
RCC_GetSYSCLKSource                               Libraries/STM32F10x_StdPeriph_Driver/src/stm32f10x_rcc.o
RCC_HCLKConfig                                    Libraries/STM32F10x_StdPeriph_Driver/src/stm32f10x_rcc.o
RCC_HSEConfig                                     Libraries/STM32F10x_StdPeriph_Driver/src/stm32f10x_rcc.o
RCC_HSICmd                                        Libraries/STM32F10x_StdPeriph_Driver/src/stm32f10x_rcc.o
RCC_IRQHandler                                    src/startup_stm32f10x_hd.o
RCC_ITConfig                                      Libraries/STM32F10x_StdPeriph_Driver/src/stm32f10x_rcc.o
RCC_LSEConfig                                     Libraries/STM32F10x_StdPeriph_Driver/src/stm32f10x_rcc.o
RCC_LSICmd                                        Libraries/STM32F10x_StdPeriph_Driver/src/stm32f10x_rcc.o
RCC_MCOConfig                                     Libraries/STM32F10x_StdPeriph_Driver/src/stm32f10x_rcc.o
RCC_PCLK1Config                                   Libraries/STM32F10x_StdPeriph_Driver/src/stm32f10x_rcc.o
RCC_PCLK2Config                                   Libraries/STM32F10x_StdPeriph_Driver/src/stm32f10x_rcc.o
RCC_PLLCmd                                        Libraries/STM32F10x_StdPeriph_Driver/src/stm32f10x_rcc.o
RCC_PLLConfig                                     Libraries/STM32F10x_StdPeriph_Driver/src/stm32f10x_rcc.o
RCC_RTCCLKCmd                                     Libraries/STM32F10x_StdPeriph_Driver/src/stm32f10x_rcc.o
RCC_RTCCLKConfig                                  Libraries/STM32F10x_StdPeriph_Driver/src/stm32f10x_rcc.o
RCC_SYSCLKConfig                                  Libraries/STM32F10x_StdPeriph_Driver/src/stm32f10x_rcc.o
RCC_USBCLKConfig                                  Libraries/STM32F10x_StdPeriph_Driver/src/stm32f10x_rcc.o
RCC_WaitForHSEStartUp                             Libraries/STM32F10x_StdPeriph_Driver/src/stm32f10x_rcc.o
RTCAlarm_IRQHandler                               src/startup_stm32f10x_hd.o
RTC_ClearFlag                                     Libraries/STM32F10x_StdPeriph_Driver/src/stm32f10x_rtc.o
RTC_ClearITPendingBit                             Libraries/STM32F10x_StdPeriph_Driver/src/stm32f10x_rtc.o
RTC_EnterConfigMode                               Libraries/STM32F10x_StdPeriph_Driver/src/stm32f10x_rtc.o
RTC_ExitConfigMode                                Libraries/STM32F10x_StdPeriph_Driver/src/stm32f10x_rtc.o
RTC_GetCounter                                    Libraries/STM32F10x_StdPeriph_Driver/src/stm32f10x_rtc.o
RTC_GetDivider                                    Libraries/STM32F10x_StdPeriph_Driver/src/stm32f10x_rtc.o
RTC_GetFlagStatus                                 Libraries/STM32F10x_StdPeriph_Driver/src/stm32f10x_rtc.o
RTC_GetITStatus                                   Libraries/STM32F10x_StdPeriph_Driver/src/stm32f10x_rtc.o
RTC_IRQHandler                                    src/startup_stm32f10x_hd.o
RTC_ITConfig                                      Libraries/STM32F10x_StdPeriph_Driver/src/stm32f10x_rtc.o
RTC_SetAlarm                                      Libraries/STM32F10x_StdPeriph_Driver/src/stm32f10x_rtc.o
RTC_SetCounter                                    Libraries/STM32F10x_StdPeriph_Driver/src/stm32f10x_rtc.o
RTC_SetPrescaler                                  Libraries/STM32F10x_StdPeriph_Driver/src/stm32f10x_rtc.o
RTC_WaitForLastTask                               Libraries/STM32F10x_StdPeriph_Driver/src/stm32f10x_rtc.o
RTC_WaitForSynchro                                Libraries/STM32F10x_StdPeriph_Driver/src/stm32f10x_rtc.o
Reset_Handler                                     src/startup_stm32f10x_hd.o
SDIO_CEATAITCmd                                   Libraries/STM32F10x_StdPeriph_Driver/src/stm32f10x_sdio.o
SDIO_ClearFlag                                    Libraries/STM32F10x_StdPeriph_Driver/src/stm32f10x_sdio.o
SDIO_ClearITPendingBit                            Libraries/STM32F10x_StdPeriph_Driver/src/stm32f10x_sdio.o
SDIO_ClockCmd                                     Libraries/STM32F10x_StdPeriph_Driver/src/stm32f10x_sdio.o
SDIO_CmdStructInit                                Libraries/STM32F10x_StdPeriph_Driver/src/stm32f10x_sdio.o
SDIO_CommandCompletionCmd                         Libraries/STM32F10x_StdPeriph_Driver/src/stm32f10x_sdio.o
SDIO_DMACmd                                       Libraries/STM32F10x_StdPeriph_Driver/src/stm32f10x_sdio.o
SDIO_DataConfig                                   Libraries/STM32F10x_StdPeriph_Driver/src/stm32f10x_sdio.o
SDIO_DataStructInit                               Libraries/STM32F10x_StdPeriph_Driver/src/stm32f10x_sdio.o
SDIO_DeInit                                       Libraries/STM32F10x_StdPeriph_Driver/src/stm32f10x_sdio.o
SDIO_GetCommandResponse                           Libraries/STM32F10x_StdPeriph_Driver/src/stm32f10x_sdio.o
SDIO_GetDataCounter                               Libraries/STM32F10x_StdPeriph_Driver/src/stm32f10x_sdio.o
SDIO_GetFIFOCount                                 Libraries/STM32F10x_StdPeriph_Driver/src/stm32f10x_sdio.o
SDIO_GetFlagStatus                                Libraries/STM32F10x_StdPeriph_Driver/src/stm32f10x_sdio.o
SDIO_GetITStatus                                  Libraries/STM32F10x_StdPeriph_Driver/src/stm32f10x_sdio.o
SDIO_GetPowerState                                Libraries/STM32F10x_StdPeriph_Driver/src/stm32f10x_sdio.o
SDIO_GetResponse                                  Libraries/STM32F10x_StdPeriph_Driver/src/stm32f10x_sdio.o
SDIO_IRQHandler                                   src/startup_stm32f10x_hd.o
SDIO_ITConfig                                     Libraries/STM32F10x_StdPeriph_Driver/src/stm32f10x_sdio.o
SDIO_Init                                         Libraries/STM32F10x_StdPeriph_Driver/src/stm32f10x_sdio.o
SDIO_ReadData                                     Libraries/STM32F10x_StdPeriph_Driver/src/stm32f10x_sdio.o
SDIO_SendCEATACmd                                 Libraries/STM32F10x_StdPeriph_Driver/src/stm32f10x_sdio.o
SDIO_SendCommand                                  Libraries/STM32F10x_StdPeriph_Driver/src/stm32f10x_sdio.o
SDIO_SendSDIOSuspendCmd                           Libraries/STM32F10x_StdPeriph_Driver/src/stm32f10x_sdio.o
SDIO_SetPowerState                                Libraries/STM32F10x_StdPeriph_Driver/src/stm32f10x_sdio.o
SDIO_SetSDIOOperation                             Libraries/STM32F10x_StdPeriph_Driver/src/stm32f10x_sdio.o
SDIO_SetSDIOReadWaitMode                          Libraries/STM32F10x_StdPeriph_Driver/src/stm32f10x_sdio.o
SDIO_StartSDIOReadWait                            Libraries/STM32F10x_StdPeriph_Driver/src/stm32f10x_sdio.o
SDIO_StopSDIOReadWait                             Libraries/STM32F10x_StdPeriph_Driver/src/stm32f10x_sdio.o
SDIO_StructInit                                   Libraries/STM32F10x_StdPeriph_Driver/src/stm32f10x_sdio.o
SDIO_WriteData                                    Libraries/STM32F10x_StdPeriph_Driver/src/stm32f10x_sdio.o
SPI1_IRQHandler                                   src/startup_stm32f10x_hd.o
SPI2_IRQHandler                                   src/startup_stm32f10x_hd.o
SPI3_IRQHandler                                   src/startup_stm32f10x_hd.o
SPI_BiDirectionalLineConfig                       Libraries/STM32F10x_StdPeriph_Driver/src/stm32f10x_spi.o
SPI_CalculateCRC                                  Libraries/STM32F10x_StdPeriph_Driver/src/stm32f10x_spi.o
SPI_Cmd                                           Libraries/STM32F10x_StdPeriph_Driver/src/stm32f10x_spi.o
SPI_DataSizeConfig                                Libraries/STM32F10x_StdPeriph_Driver/src/stm32f10x_spi.o
SPI_GetCRC                                        Libraries/STM32F10x_StdPeriph_Driver/src/stm32f10x_spi.o
SPI_GetCRCPolynomial                              Libraries/STM32F10x_StdPeriph_Driver/src/stm32f10x_spi.o
SPI_I2S_ClearFlag                                 Libraries/STM32F10x_StdPeriph_Driver/src/stm32f10x_spi.o
SPI_I2S_ClearITPendingBit                         Libraries/STM32F10x_StdPeriph_Driver/src/stm32f10x_spi.o
SPI_I2S_DMACmd                                    Libraries/STM32F10x_StdPeriph_Driver/src/stm32f10x_spi.o
SPI_I2S_DeInit                                    Libraries/STM32F10x_StdPeriph_Driver/src/stm32f10x_spi.o
SPI_I2S_GetFlagStatus                             Libraries/STM32F10x_StdPeriph_Driver/src/stm32f10x_spi.o
SPI_I2S_GetITStatus                               Libraries/STM32F10x_StdPeriph_Driver/src/stm32f10x_spi.o
SPI_I2S_ITConfig                                  Libraries/STM32F10x_StdPeriph_Driver/src/stm32f10x_spi.o
SPI_I2S_ReceiveData                               Libraries/STM32F10x_StdPeriph_Driver/src/stm32f10x_spi.o
SPI_I2S_SendData                                  Libraries/STM32F10x_StdPeriph_Driver/src/stm32f10x_spi.o
SPI_Init                                          Libraries/STM32F10x_StdPeriph_Driver/src/stm32f10x_spi.o
SPI_NSSInternalSoftwareConfig                     Libraries/STM32F10x_StdPeriph_Driver/src/stm32f10x_spi.o
SPI_SSOutputCmd                                   Libraries/STM32F10x_StdPeriph_Driver/src/stm32f10x_spi.o
SPI_StructInit                                    Libraries/STM32F10x_StdPeriph_Driver/src/stm32f10x_spi.o
SPI_TransmitCRC                                   Libraries/STM32F10x_StdPeriph_Driver/src/stm32f10x_spi.o
STM_EVAL_LEDInit                                  Utilities/STM32_EVAL/IAR_STM32F103ZE/board.o
STM_EVAL_LEDOff                                   Utilities/STM32_EVAL/IAR_STM32F103ZE/board.o
STM_EVAL_LEDOn                                    Utilities/STM32_EVAL/IAR_STM32F103ZE/board.o
STM_EVAL_LEDToggle                                Utilities/STM32_EVAL/IAR_STM32F103ZE/board.o
SVC_Handler                                       FreeRTOS_Source/portable/GCC/ARM_CM3/port.o
SysTick_CLKSourceConfig                           Libraries/STM32F10x_StdPeriph_Driver/src/misc.o
SysTick_Handler                                   FreeRTOS_Source/portable/GCC/ARM_CM3/port.o
SystemCoreClock                                   src/system_stm32f10x.o
SystemCoreClockUpdate                             src/system_stm32f10x.o
SystemInit                                        src/system_stm32f10x.o
                                                  src/startup_stm32f10x_hd.o
TAMPER_IRQHandler                                 src/startup_stm32f10x_hd.o
TIM1_BRK_IRQHandler                               src/startup_stm32f10x_hd.o
TIM1_CC_IRQHandler                                src/startup_stm32f10x_hd.o
TIM1_TRG_COM_IRQHandler                           src/startup_stm32f10x_hd.o
TIM1_UP_IRQHandler                                src/startup_stm32f10x_hd.o
TIM2_IRQHandler                                   src/startup_stm32f10x_hd.o
TIM3_IRQHandler                                   src/startup_stm32f10x_hd.o
TIM4_IRQHandler                                   src/startup_stm32f10x_hd.o
TIM5_IRQHandler                                   src/startup_stm32f10x_hd.o
TIM6_IRQHandler                                   src/startup_stm32f10x_hd.o
TIM7_IRQHandler                                   src/startup_stm32f10x_hd.o
TIM8_BRK_IRQHandler                               src/startup_stm32f10x_hd.o
TIM8_CC_IRQHandler                                src/startup_stm32f10x_hd.o
TIM8_TRG_COM_IRQHandler                           src/startup_stm32f10x_hd.o
TIM8_UP_IRQHandler                                src/startup_stm32f10x_hd.o
TIM_ARRPreloadConfig                              Libraries/STM32F10x_StdPeriph_Driver/src/stm32f10x_tim.o
TIM_BDTRConfig                                    Libraries/STM32F10x_StdPeriph_Driver/src/stm32f10x_tim.o
TIM_BDTRStructInit                                Libraries/STM32F10x_StdPeriph_Driver/src/stm32f10x_tim.o
TIM_CCPreloadControl                              Libraries/STM32F10x_StdPeriph_Driver/src/stm32f10x_tim.o
TIM_CCxCmd                                        Libraries/STM32F10x_StdPeriph_Driver/src/stm32f10x_tim.o
TIM_CCxNCmd                                       Libraries/STM32F10x_StdPeriph_Driver/src/stm32f10x_tim.o
TIM_ClearFlag                                     Libraries/STM32F10x_StdPeriph_Driver/src/stm32f10x_tim.o
TIM_ClearITPendingBit                             Libraries/STM32F10x_StdPeriph_Driver/src/stm32f10x_tim.o
TIM_ClearOC1Ref                                   Libraries/STM32F10x_StdPeriph_Driver/src/stm32f10x_tim.o
TIM_ClearOC2Ref                                   Libraries/STM32F10x_StdPeriph_Driver/src/stm32f10x_tim.o
TIM_ClearOC3Ref                                   Libraries/STM32F10x_StdPeriph_Driver/src/stm32f10x_tim.o
TIM_ClearOC4Ref                                   Libraries/STM32F10x_StdPeriph_Driver/src/stm32f10x_tim.o
TIM_Cmd                                           Libraries/STM32F10x_StdPeriph_Driver/src/stm32f10x_tim.o
TIM_CounterModeConfig                             Libraries/STM32F10x_StdPeriph_Driver/src/stm32f10x_tim.o
TIM_CtrlPWMOutputs                                Libraries/STM32F10x_StdPeriph_Driver/src/stm32f10x_tim.o
TIM_DMACmd                                        Libraries/STM32F10x_StdPeriph_Driver/src/stm32f10x_tim.o
TIM_DMAConfig                                     Libraries/STM32F10x_StdPeriph_Driver/src/stm32f10x_tim.o
TIM_DeInit                                        Libraries/STM32F10x_StdPeriph_Driver/src/stm32f10x_tim.o
TIM_ETRClockMode1Config                           Libraries/STM32F10x_StdPeriph_Driver/src/stm32f10x_tim.o
TIM_ETRClockMode2Config                           Libraries/STM32F10x_StdPeriph_Driver/src/stm32f10x_tim.o
TIM_ETRConfig                                     Libraries/STM32F10x_StdPeriph_Driver/src/stm32f10x_tim.o
TIM_EncoderInterfaceConfig                        Libraries/STM32F10x_StdPeriph_Driver/src/stm32f10x_tim.o
TIM_ForcedOC1Config                               Libraries/STM32F10x_StdPeriph_Driver/src/stm32f10x_tim.o
TIM_ForcedOC2Config                               Libraries/STM32F10x_StdPeriph_Driver/src/stm32f10x_tim.o
TIM_ForcedOC3Config                               Libraries/STM32F10x_StdPeriph_Driver/src/stm32f10x_tim.o
TIM_ForcedOC4Config                               Libraries/STM32F10x_StdPeriph_Driver/src/stm32f10x_tim.o
TIM_GenerateEvent                                 Libraries/STM32F10x_StdPeriph_Driver/src/stm32f10x_tim.o
TIM_GetCapture1                                   Libraries/STM32F10x_StdPeriph_Driver/src/stm32f10x_tim.o
TIM_GetCapture2                                   Libraries/STM32F10x_StdPeriph_Driver/src/stm32f10x_tim.o
TIM_GetCapture3                                   Libraries/STM32F10x_StdPeriph_Driver/src/stm32f10x_tim.o
TIM_GetCapture4                                   Libraries/STM32F10x_StdPeriph_Driver/src/stm32f10x_tim.o
TIM_GetCounter                                    Libraries/STM32F10x_StdPeriph_Driver/src/stm32f10x_tim.o
TIM_GetFlagStatus                                 Libraries/STM32F10x_StdPeriph_Driver/src/stm32f10x_tim.o
TIM_GetITStatus                                   Libraries/STM32F10x_StdPeriph_Driver/src/stm32f10x_tim.o
TIM_GetPrescaler                                  Libraries/STM32F10x_StdPeriph_Driver/src/stm32f10x_tim.o
TIM_ICInit                                        Libraries/STM32F10x_StdPeriph_Driver/src/stm32f10x_tim.o
TIM_ICStructInit                                  Libraries/STM32F10x_StdPeriph_Driver/src/stm32f10x_tim.o
TIM_ITConfig                                      Libraries/STM32F10x_StdPeriph_Driver/src/stm32f10x_tim.o
TIM_ITRxExternalClockConfig                       Libraries/STM32F10x_StdPeriph_Driver/src/stm32f10x_tim.o
TIM_InternalClockConfig                           Libraries/STM32F10x_StdPeriph_Driver/src/stm32f10x_tim.o
TIM_OC1FastConfig                                 Libraries/STM32F10x_StdPeriph_Driver/src/stm32f10x_tim.o
TIM_OC1Init                                       Libraries/STM32F10x_StdPeriph_Driver/src/stm32f10x_tim.o
TIM_OC1NPolarityConfig                            Libraries/STM32F10x_StdPeriph_Driver/src/stm32f10x_tim.o
TIM_OC1PolarityConfig                             Libraries/STM32F10x_StdPeriph_Driver/src/stm32f10x_tim.o
TIM_OC1PreloadConfig                              Libraries/STM32F10x_StdPeriph_Driver/src/stm32f10x_tim.o
TIM_OC2FastConfig                                 Libraries/STM32F10x_StdPeriph_Driver/src/stm32f10x_tim.o
TIM_OC2Init                                       Libraries/STM32F10x_StdPeriph_Driver/src/stm32f10x_tim.o
TIM_OC2NPolarityConfig                            Libraries/STM32F10x_StdPeriph_Driver/src/stm32f10x_tim.o
TIM_OC2PolarityConfig                             Libraries/STM32F10x_StdPeriph_Driver/src/stm32f10x_tim.o
TIM_OC2PreloadConfig                              Libraries/STM32F10x_StdPeriph_Driver/src/stm32f10x_tim.o
TIM_OC3FastConfig                                 Libraries/STM32F10x_StdPeriph_Driver/src/stm32f10x_tim.o
TIM_OC3Init                                       Libraries/STM32F10x_StdPeriph_Driver/src/stm32f10x_tim.o
TIM_OC3NPolarityConfig                            Libraries/STM32F10x_StdPeriph_Driver/src/stm32f10x_tim.o
TIM_OC3PolarityConfig                             Libraries/STM32F10x_StdPeriph_Driver/src/stm32f10x_tim.o
TIM_OC3PreloadConfig                              Libraries/STM32F10x_StdPeriph_Driver/src/stm32f10x_tim.o
TIM_OC4FastConfig                                 Libraries/STM32F10x_StdPeriph_Driver/src/stm32f10x_tim.o
TIM_OC4Init                                       Libraries/STM32F10x_StdPeriph_Driver/src/stm32f10x_tim.o
TIM_OC4PolarityConfig                             Libraries/STM32F10x_StdPeriph_Driver/src/stm32f10x_tim.o
TIM_OC4PreloadConfig                              Libraries/STM32F10x_StdPeriph_Driver/src/stm32f10x_tim.o