23:55:37 **** Rebuild of configuration Debug for project FreeRTOS_Demo1_TaskCreate ****
Info: Internal Builder is used for build
arm-atollic-eabi-gcc -c ../src/system_stm32f10x.c -mthumb -mcpu=cortex-m3 -std=gnu11 -DSTM32F10X_HD -DUSE_STDPERIPH_DRIVER -I../src -I../Libraries/STM32F10x_StdPeriph_Driver/inc -I../Libraries/CMSIS/Device/ST/STM32F10x/Include -I../Libraries/CMSIS/Include -I/home/free/Atollic/TrueSTUDIO/STM32_workspace_9.0/FreeRTOS_Demo1_TaskCreate/Libraries/freertos -I/home/free/Atollic/TrueSTUDIO/STM32_workspace_9.0/FreeRTOS_Demo1_TaskCreate/Libraries/freertos/include -I/home/free/Atollic/TrueSTUDIO/STM32_workspace_9.0/FreeRTOS_Demo1_TaskCreate/Libraries/freertos/portable -I/home/free/Atollic/TrueSTUDIO/STM32_workspace_9.0/FreeRTOS_Demo1_TaskCreate/Libraries/freertos/portable/GCC -I/home/free/Atollic/TrueSTUDIO/STM32_workspace_9.0/FreeRTOS_Demo1_TaskCreate/Libraries/freertos/portable/GCC/ARM_CM3 -O0 -ffunction-sections -fdata-sections -g -fstack-usage -Wall -specs=nano.specs -o src/system_stm32f10x.o 
arm-atollic-eabi-gcc -c ../Libraries/STM32F10x_StdPeriph_Driver/src/stm32f10x_dac.c -mthumb -mcpu=cortex-m3 -std=gnu11 -DSTM32F10X_HD -DUSE_STDPERIPH_DRIVER -I../src -I../Libraries/STM32F10x_StdPeriph_Driver/inc -I../Libraries/CMSIS/Device/ST/STM32F10x/Include -I../Libraries/CMSIS/Include -I/home/free/Atollic/TrueSTUDIO/STM32_workspace_9.0/FreeRTOS_Demo1_TaskCreate/Libraries/freertos -I/home/free/Atollic/TrueSTUDIO/STM32_workspace_9.0/FreeRTOS_Demo1_TaskCreate/Libraries/freertos/include -I/home/free/Atollic/TrueSTUDIO/STM32_workspace_9.0/FreeRTOS_Demo1_TaskCreate/Libraries/freertos/portable -I/home/free/Atollic/TrueSTUDIO/STM32_workspace_9.0/FreeRTOS_Demo1_TaskCreate/Libraries/freertos/portable/GCC -I/home/free/Atollic/TrueSTUDIO/STM32_workspace_9.0/FreeRTOS_Demo1_TaskCreate/Libraries/freertos/portable/GCC/ARM_CM3 -O0 -ffunction-sections -fdata-sections -g -fstack-usage -Wall -specs=nano.specs -o Libraries/STM32F10x_StdPeriph_Driver/src/stm32f10x_dac.o 
arm-atollic-eabi-gcc -c ../Libraries/freertos/event_groups.c -mthumb -mcpu=cortex-m3 -std=gnu11 -DSTM32F10X_HD -DUSE_STDPERIPH_DRIVER -I../src -I../Libraries/STM32F10x_StdPeriph_Driver/inc -I../Libraries/CMSIS/Device/ST/STM32F10x/Include -I../Libraries/CMSIS/Include -I/home/free/Atollic/TrueSTUDIO/STM32_workspace_9.0/FreeRTOS_Demo1_TaskCreate/Libraries/freertos -I/home/free/Atollic/TrueSTUDIO/STM32_workspace_9.0/FreeRTOS_Demo1_TaskCreate/Libraries/freertos/include -I/home/free/Atollic/TrueSTUDIO/STM32_workspace_9.0/FreeRTOS_Demo1_TaskCreate/Libraries/freertos/portable -I/home/free/Atollic/TrueSTUDIO/STM32_workspace_9.0/FreeRTOS_Demo1_TaskCreate/Libraries/freertos/portable/GCC -I/home/free/Atollic/TrueSTUDIO/STM32_workspace_9.0/FreeRTOS_Demo1_TaskCreate/Libraries/freertos/portable/GCC/ARM_CM3 -O0 -ffunction-sections -fdata-sections -g -fstack-usage -Wall -specs=nano.specs -o Libraries/freertos/event_groups.o 
arm-atollic-eabi-gcc -c -mthumb -mcpu=cortex-m3 -DSTM32F10X_HD -DUSE_STDPERIPH_DRIVER -I../src -I../Libraries/STM32F10x_StdPeriph_Driver/inc -I../Libraries/CMSIS/Device/ST/STM32F10x/Include -I../Libraries/CMSIS/Include -I/home/free/Atollic/TrueSTUDIO/STM32_workspace_9.0/FreeRTOS_Demo1_TaskCreate/Libraries/freertos -I/home/free/Atollic/TrueSTUDIO/STM32_workspace_9.0/FreeRTOS_Demo1_TaskCreate/Libraries/freertos/include -I/home/free/Atollic/TrueSTUDIO/STM32_workspace_9.0/FreeRTOS_Demo1_TaskCreate/Libraries/freertos/portable -I/home/free/Atollic/TrueSTUDIO/STM32_workspace_9.0/FreeRTOS_Demo1_TaskCreate/Libraries/freertos/portable/GCC -I/home/free/Atollic/TrueSTUDIO/STM32_workspace_9.0/FreeRTOS_Demo1_TaskCreate/Libraries/freertos/portable/GCC/ARM_CM3 -g -Wa,--warn -x assembler-with-cpp -specs=nano.specs -o src/startup_stm32f10x_hd.o ../src/startup_stm32f10x_hd.s 
arm-atollic-eabi-gcc -c ../Libraries/STM32F10x_StdPeriph_Driver/src/stm32f10x_adc.c -mthumb -mcpu=cortex-m3 -std=gnu11 -DSTM32F10X_HD -DUSE_STDPERIPH_DRIVER -I../src -I../Libraries/STM32F10x_StdPeriph_Driver/inc -I../Libraries/CMSIS/Device/ST/STM32F10x/Include -I../Libraries/CMSIS/Include -I/home/free/Atollic/TrueSTUDIO/STM32_workspace_9.0/FreeRTOS_Demo1_TaskCreate/Libraries/freertos -I/home/free/Atollic/TrueSTUDIO/STM32_workspace_9.0/FreeRTOS_Demo1_TaskCreate/Libraries/freertos/include -I/home/free/Atollic/TrueSTUDIO/STM32_workspace_9.0/FreeRTOS_Demo1_TaskCreate/Libraries/freertos/portable -I/home/free/Atollic/TrueSTUDIO/STM32_workspace_9.0/FreeRTOS_Demo1_TaskCreate/Libraries/freertos/portable/GCC -I/home/free/Atollic/TrueSTUDIO/STM32_workspace_9.0/FreeRTOS_Demo1_TaskCreate/Libraries/freertos/portable/GCC/ARM_CM3 -O0 -ffunction-sections -fdata-sections -g -fstack-usage -Wall -specs=nano.specs -o Libraries/STM32F10x_StdPeriph_Driver/src/stm32f10x_adc.o 
arm-atollic-eabi-gcc -c ../Libraries/STM32F10x_StdPeriph_Driver/src/stm32f10x_sdio.c -mthumb -mcpu=cortex-m3 -std=gnu11 -DSTM32F10X_HD -DUSE_STDPERIPH_DRIVER -I../src -I../Libraries/STM32F10x_StdPeriph_Driver/inc -I../Libraries/CMSIS/Device/ST/STM32F10x/Include -I../Libraries/CMSIS/Include -I/home/free/Atollic/TrueSTUDIO/STM32_workspace_9.0/FreeRTOS_Demo1_TaskCreate/Libraries/freertos -I/home/free/Atollic/TrueSTUDIO/STM32_workspace_9.0/FreeRTOS_Demo1_TaskCreate/Libraries/freertos/include -I/home/free/Atollic/TrueSTUDIO/STM32_workspace_9.0/FreeRTOS_Demo1_TaskCreate/Libraries/freertos/portable -I/home/free/Atollic/TrueSTUDIO/STM32_workspace_9.0/FreeRTOS_Demo1_TaskCreate/Libraries/freertos/portable/GCC -I/home/free/Atollic/TrueSTUDIO/STM32_workspace_9.0/FreeRTOS_Demo1_TaskCreate/Libraries/freertos/portable/GCC/ARM_CM3 -O0 -ffunction-sections -fdata-sections -g -fstack-usage -Wall -specs=nano.specs -o Libraries/STM32F10x_StdPeriph_Driver/src/stm32f10x_sdio.o 
arm-atollic-eabi-gcc -c ../Libraries/STM32F10x_StdPeriph_Driver/src/stm32f10x_tim.c -mthumb -mcpu=cortex-m3 -std=gnu11 -DSTM32F10X_HD -DUSE_STDPERIPH_DRIVER -I../src -I../Libraries/STM32F10x_StdPeriph_Driver/inc -I../Libraries/CMSIS/Device/ST/STM32F10x/Include -I../Libraries/CMSIS/Include -I/home/free/Atollic/TrueSTUDIO/STM32_workspace_9.0/FreeRTOS_Demo1_TaskCreate/Libraries/freertos -I/home/free/Atollic/TrueSTUDIO/STM32_workspace_9.0/FreeRTOS_Demo1_TaskCreate/Libraries/freertos/include -I/home/free/Atollic/TrueSTUDIO/STM32_workspace_9.0/FreeRTOS_Demo1_TaskCreate/Libraries/freertos/portable -I/home/free/Atollic/TrueSTUDIO/STM32_workspace_9.0/FreeRTOS_Demo1_TaskCreate/Libraries/freertos/portable/GCC -I/home/free/Atollic/TrueSTUDIO/STM32_workspace_9.0/FreeRTOS_Demo1_TaskCreate/Libraries/freertos/portable/GCC/ARM_CM3 -O0 -ffunction-sections -fdata-sections -g -fstack-usage -Wall -specs=nano.specs -o Libraries/STM32F10x_StdPeriph_Driver/src/stm32f10x_tim.o 
arm-atollic-eabi-gcc -c ../Libraries/freertos/list.c -mthumb -mcpu=cortex-m3 -std=gnu11 -DSTM32F10X_HD -DUSE_STDPERIPH_DRIVER -I../src -I../Libraries/STM32F10x_StdPeriph_Driver/inc -I../Libraries/CMSIS/Device/ST/STM32F10x/Include -I../Libraries/CMSIS/Include -I/home/free/Atollic/TrueSTUDIO/STM32_workspace_9.0/FreeRTOS_Demo1_TaskCreate/Libraries/freertos -I/home/free/Atollic/TrueSTUDIO/STM32_workspace_9.0/FreeRTOS_Demo1_TaskCreate/Libraries/freertos/include -I/home/free/Atollic/TrueSTUDIO/STM32_workspace_9.0/FreeRTOS_Demo1_TaskCreate/Libraries/freertos/portable -I/home/free/Atollic/TrueSTUDIO/STM32_workspace_9.0/FreeRTOS_Demo1_TaskCreate/Libraries/freertos/portable/GCC -I/home/free/Atollic/TrueSTUDIO/STM32_workspace_9.0/FreeRTOS_Demo1_TaskCreate/Libraries/freertos/portable/GCC/ARM_CM3 -O0 -ffunction-sections -fdata-sections -g -fstack-usage -Wall -specs=nano.specs -o Libraries/freertos/list.o 
arm-atollic-eabi-gcc -c ../Libraries/freertos/queue.c -mthumb -mcpu=cortex-m3 -std=gnu11 -DSTM32F10X_HD -DUSE_STDPERIPH_DRIVER -I../src -I../Libraries/STM32F10x_StdPeriph_Driver/inc -I../Libraries/CMSIS/Device/ST/STM32F10x/Include -I../Libraries/CMSIS/Include -I/home/free/Atollic/TrueSTUDIO/STM32_workspace_9.0/FreeRTOS_Demo1_TaskCreate/Libraries/freertos -I/home/free/Atollic/TrueSTUDIO/STM32_workspace_9.0/FreeRTOS_Demo1_TaskCreate/Libraries/freertos/include -I/home/free/Atollic/TrueSTUDIO/STM32_workspace_9.0/FreeRTOS_Demo1_TaskCreate/Libraries/freertos/portable -I/home/free/Atollic/TrueSTUDIO/STM32_workspace_9.0/FreeRTOS_Demo1_TaskCreate/Libraries/freertos/portable/GCC -I/home/free/Atollic/TrueSTUDIO/STM32_workspace_9.0/FreeRTOS_Demo1_TaskCreate/Libraries/freertos/portable/GCC/ARM_CM3 -O0 -ffunction-sections -fdata-sections -g -fstack-usage -Wall -specs=nano.specs -o Libraries/freertos/queue.o 
arm-atollic-eabi-gcc -c ../Libraries/STM32F10x_StdPeriph_Driver/src/stm32f10x_rtc.c -mthumb -mcpu=cortex-m3 -std=gnu11 -DSTM32F10X_HD -DUSE_STDPERIPH_DRIVER -I../src -I../Libraries/STM32F10x_StdPeriph_Driver/inc -I../Libraries/CMSIS/Device/ST/STM32F10x/Include -I../Libraries/CMSIS/Include -I/home/free/Atollic/TrueSTUDIO/STM32_workspace_9.0/FreeRTOS_Demo1_TaskCreate/Libraries/freertos -I/home/free/Atollic/TrueSTUDIO/STM32_workspace_9.0/FreeRTOS_Demo1_TaskCreate/Libraries/freertos/include -I/home/free/Atollic/TrueSTUDIO/STM32_workspace_9.0/FreeRTOS_Demo1_TaskCreate/Libraries/freertos/portable -I/home/free/Atollic/TrueSTUDIO/STM32_workspace_9.0/FreeRTOS_Demo1_TaskCreate/Libraries/freertos/portable/GCC -I/home/free/Atollic/TrueSTUDIO/STM32_workspace_9.0/FreeRTOS_Demo1_TaskCreate/Libraries/freertos/portable/GCC/ARM_CM3 -O0 -ffunction-sections -fdata-sections -g -fstack-usage -Wall -specs=nano.specs -o Libraries/STM32F10x_StdPeriph_Driver/src/stm32f10x_rtc.o 
arm-atollic-eabi-gcc -c ../Libraries/freertos/portable/GCC/ARM_CM3/port.c -mthumb -mcpu=cortex-m3 -std=gnu11 -DSTM32F10X_HD -DUSE_STDPERIPH_DRIVER -I../src -I../Libraries/STM32F10x_StdPeriph_Driver/inc -I../Libraries/CMSIS/Device/ST/STM32F10x/Include -I../Libraries/CMSIS/Include -I/home/free/Atollic/TrueSTUDIO/STM32_workspace_9.0/FreeRTOS_Demo1_TaskCreate/Libraries/freertos -I/home/free/Atollic/TrueSTUDIO/STM32_workspace_9.0/FreeRTOS_Demo1_TaskCreate/Libraries/freertos/include -I/home/free/Atollic/TrueSTUDIO/STM32_workspace_9.0/FreeRTOS_Demo1_TaskCreate/Libraries/freertos/portable -I/home/free/Atollic/TrueSTUDIO/STM32_workspace_9.0/FreeRTOS_Demo1_TaskCreate/Libraries/freertos/portable/GCC -I/home/free/Atollic/TrueSTUDIO/STM32_workspace_9.0/FreeRTOS_Demo1_TaskCreate/Libraries/freertos/portable/GCC/ARM_CM3 -O0 -ffunction-sections -fdata-sections -g -fstack-usage -Wall -specs=nano.specs -o Libraries/freertos/portable/GCC/ARM_CM3/port.o 
arm-atollic-eabi-gcc -c ../src/syscalls.c -mthumb -mcpu=cortex-m3 -std=gnu11 -DSTM32F10X_HD -DUSE_STDPERIPH_DRIVER -I../src -I../Libraries/STM32F10x_StdPeriph_Driver/inc -I../Libraries/CMSIS/Device/ST/STM32F10x/Include -I../Libraries/CMSIS/Include -I/home/free/Atollic/TrueSTUDIO/STM32_workspace_9.0/FreeRTOS_Demo1_TaskCreate/Libraries/freertos -I/home/free/Atollic/TrueSTUDIO/STM32_workspace_9.0/FreeRTOS_Demo1_TaskCreate/Libraries/freertos/include -I/home/free/Atollic/TrueSTUDIO/STM32_workspace_9.0/FreeRTOS_Demo1_TaskCreate/Libraries/freertos/portable -I/home/free/Atollic/TrueSTUDIO/STM32_workspace_9.0/FreeRTOS_Demo1_TaskCreate/Libraries/freertos/portable/GCC -I/home/free/Atollic/TrueSTUDIO/STM32_workspace_9.0/FreeRTOS_Demo1_TaskCreate/Libraries/freertos/portable/GCC/ARM_CM3 -O0 -ffunction-sections -fdata-sections -g -fstack-usage -Wall -specs=nano.specs -o src/syscalls.o 
arm-atollic-eabi-gcc -c ../Libraries/freertos/timers.c -mthumb -mcpu=cortex-m3 -std=gnu11 -DSTM32F10X_HD -DUSE_STDPERIPH_DRIVER -I../src -I../Libraries/STM32F10x_StdPeriph_Driver/inc -I../Libraries/CMSIS/Device/ST/STM32F10x/Include -I../Libraries/CMSIS/Include -I/home/free/Atollic/TrueSTUDIO/STM32_workspace_9.0/FreeRTOS_Demo1_TaskCreate/Libraries/freertos -I/home/free/Atollic/TrueSTUDIO/STM32_workspace_9.0/FreeRTOS_Demo1_TaskCreate/Libraries/freertos/include -I/home/free/Atollic/TrueSTUDIO/STM32_workspace_9.0/FreeRTOS_Demo1_TaskCreate/Libraries/freertos/portable -I/home/free/Atollic/TrueSTUDIO/STM32_workspace_9.0/FreeRTOS_Demo1_TaskCreate/Libraries/freertos/portable/GCC -I/home/free/Atollic/TrueSTUDIO/STM32_workspace_9.0/FreeRTOS_Demo1_TaskCreate/Libraries/freertos/portable/GCC/ARM_CM3 -O0 -ffunction-sections -fdata-sections -g -fstack-usage -Wall -specs=nano.specs -o Libraries/freertos/timers.o 
arm-atollic-eabi-gcc -c ../Libraries/STM32F10x_StdPeriph_Driver/src/stm32f10x_bkp.c -mthumb -mcpu=cortex-m3 -std=gnu11 -DSTM32F10X_HD -DUSE_STDPERIPH_DRIVER -I../src -I../Libraries/STM32F10x_StdPeriph_Driver/inc -I../Libraries/CMSIS/Device/ST/STM32F10x/Include -I../Libraries/CMSIS/Include -I/home/free/Atollic/TrueSTUDIO/STM32_workspace_9.0/FreeRTOS_Demo1_TaskCreate/Libraries/freertos -I/home/free/Atollic/TrueSTUDIO/STM32_workspace_9.0/FreeRTOS_Demo1_TaskCreate/Libraries/freertos/include -I/home/free/Atollic/TrueSTUDIO/STM32_workspace_9.0/FreeRTOS_Demo1_TaskCreate/Libraries/freertos/portable -I/home/free/Atollic/TrueSTUDIO/STM32_workspace_9.0/FreeRTOS_Demo1_TaskCreate/Libraries/freertos/portable/GCC -I/home/free/Atollic/TrueSTUDIO/STM32_workspace_9.0/FreeRTOS_Demo1_TaskCreate/Libraries/freertos/portable/GCC/ARM_CM3 -O0 -ffunction-sections -fdata-sections -g -fstack-usage -Wall -specs=nano.specs -o Libraries/STM32F10x_StdPeriph_Driver/src/stm32f10x_bkp.o 
arm-atollic-eabi-gcc -c ../Libraries/STM32F10x_StdPeriph_Driver/src/stm32f10x_dma.c -mthumb -mcpu=cortex-m3 -std=gnu11 -DSTM32F10X_HD -DUSE_STDPERIPH_DRIVER -I../src -I../Libraries/STM32F10x_StdPeriph_Driver/inc -I../Libraries/CMSIS/Device/ST/STM32F10x/Include -I../Libraries/CMSIS/Include -I/home/free/Atollic/TrueSTUDIO/STM32_workspace_9.0/FreeRTOS_Demo1_TaskCreate/Libraries/freertos -I/home/free/Atollic/TrueSTUDIO/STM32_workspace_9.0/FreeRTOS_Demo1_TaskCreate/Libraries/freertos/include -I/home/free/Atollic/TrueSTUDIO/STM32_workspace_9.0/FreeRTOS_Demo1_TaskCreate/Libraries/freertos/portable -I/home/free/Atollic/TrueSTUDIO/STM32_workspace_9.0/FreeRTOS_Demo1_TaskCreate/Libraries/freertos/portable/GCC -I/home/free/Atollic/TrueSTUDIO/STM32_workspace_9.0/FreeRTOS_Demo1_TaskCreate/Libraries/freertos/portable/GCC/ARM_CM3 -O0 -ffunction-sections -fdata-sections -g -fstack-usage -Wall -specs=nano.specs -o Libraries/STM32F10x_StdPeriph_Driver/src/stm32f10x_dma.o 
arm-atollic-eabi-gcc -c ../Libraries/STM32F10x_StdPeriph_Driver/src/stm32f10x_crc.c -mthumb -mcpu=cortex-m3 -std=gnu11 -DSTM32F10X_HD -DUSE_STDPERIPH_DRIVER -I../src -I../Libraries/STM32F10x_StdPeriph_Driver/inc -I../Libraries/CMSIS/Device/ST/STM32F10x/Include -I../Libraries/CMSIS/Include -I/home/free/Atollic/TrueSTUDIO/STM32_workspace_9.0/FreeRTOS_Demo1_TaskCreate/Libraries/freertos -I/home/free/Atollic/TrueSTUDIO/STM32_workspace_9.0/FreeRTOS_Demo1_TaskCreate/Libraries/freertos/include -I/home/free/Atollic/TrueSTUDIO/STM32_workspace_9.0/FreeRTOS_Demo1_TaskCreate/Libraries/freertos/portable -I/home/free/Atollic/TrueSTUDIO/STM32_workspace_9.0/FreeRTOS_Demo1_TaskCreate/Libraries/freertos/portable/GCC -I/home/free/Atollic/TrueSTUDIO/STM32_workspace_9.0/FreeRTOS_Demo1_TaskCreate/Libraries/freertos/portable/GCC/ARM_CM3 -O0 -ffunction-sections -fdata-sections -g -fstack-usage -Wall -specs=nano.specs -o Libraries/STM32F10x_StdPeriph_Driver/src/stm32f10x_crc.o 
arm-atollic-eabi-gcc -c ../Libraries/STM32F10x_StdPeriph_Driver/src/stm32f10x_exti.c -mthumb -mcpu=cortex-m3 -std=gnu11 -DSTM32F10X_HD -DUSE_STDPERIPH_DRIVER -I../src -I../Libraries/STM32F10x_StdPeriph_Driver/inc -I../Libraries/CMSIS/Device/ST/STM32F10x/Include -I../Libraries/CMSIS/Include -I/home/free/Atollic/TrueSTUDIO/STM32_workspace_9.0/FreeRTOS_Demo1_TaskCreate/Libraries/freertos -I/home/free/Atollic/TrueSTUDIO/STM32_workspace_9.0/FreeRTOS_Demo1_TaskCreate/Libraries/freertos/include -I/home/free/Atollic/TrueSTUDIO/STM32_workspace_9.0/FreeRTOS_Demo1_TaskCreate/Libraries/freertos/portable -I/home/free/Atollic/TrueSTUDIO/STM32_workspace_9.0/FreeRTOS_Demo1_TaskCreate/Libraries/freertos/portable/GCC -I/home/free/Atollic/TrueSTUDIO/STM32_workspace_9.0/FreeRTOS_Demo1_TaskCreate/Libraries/freertos/portable/GCC/ARM_CM3 -O0 -ffunction-sections -fdata-sections -g -fstack-usage -Wall -specs=nano.specs -o Libraries/STM32F10x_StdPeriph_Driver/src/stm32f10x_exti.o 
arm-atollic-eabi-gcc -c ../src/tiny_printf.c -mthumb -mcpu=cortex-m3 -std=gnu11 -DSTM32F10X_HD -DUSE_STDPERIPH_DRIVER -I../src -I../Libraries/STM32F10x_StdPeriph_Driver/inc -I../Libraries/CMSIS/Device/ST/STM32F10x/Include -I../Libraries/CMSIS/Include -I/home/free/Atollic/TrueSTUDIO/STM32_workspace_9.0/FreeRTOS_Demo1_TaskCreate/Libraries/freertos -I/home/free/Atollic/TrueSTUDIO/STM32_workspace_9.0/FreeRTOS_Demo1_TaskCreate/Libraries/freertos/include -I/home/free/Atollic/TrueSTUDIO/STM32_workspace_9.0/FreeRTOS_Demo1_TaskCreate/Libraries/freertos/portable -I/home/free/Atollic/TrueSTUDIO/STM32_workspace_9.0/FreeRTOS_Demo1_TaskCreate/Libraries/freertos/portable/GCC -I/home/free/Atollic/TrueSTUDIO/STM32_workspace_9.0/FreeRTOS_Demo1_TaskCreate/Libraries/freertos/portable/GCC/ARM_CM3 -O0 -ffunction-sections -fdata-sections -g -fstack-usage -Wall -specs=nano.specs -o src/tiny_printf.o 
arm-atollic-eabi-gcc -c ../Libraries/STM32F10x_StdPeriph_Driver/src/stm32f10x_fsmc.c -mthumb -mcpu=cortex-m3 -std=gnu11 -DSTM32F10X_HD -DUSE_STDPERIPH_DRIVER -I../src -I../Libraries/STM32F10x_StdPeriph_Driver/inc -I../Libraries/CMSIS/Device/ST/STM32F10x/Include -I../Libraries/CMSIS/Include -I/home/free/Atollic/TrueSTUDIO/STM32_workspace_9.0/FreeRTOS_Demo1_TaskCreate/Libraries/freertos -I/home/free/Atollic/TrueSTUDIO/STM32_workspace_9.0/FreeRTOS_Demo1_TaskCreate/Libraries/freertos/include -I/home/free/Atollic/TrueSTUDIO/STM32_workspace_9.0/FreeRTOS_Demo1_TaskCreate/Libraries/freertos/portable -I/home/free/Atollic/TrueSTUDIO/STM32_workspace_9.0/FreeRTOS_Demo1_TaskCreate/Libraries/freertos/portable/GCC -I/home/free/Atollic/TrueSTUDIO/STM32_workspace_9.0/FreeRTOS_Demo1_TaskCreate/Libraries/freertos/portable/GCC/ARM_CM3 -O0 -ffunction-sections -fdata-sections -g -fstack-usage -Wall -specs=nano.specs -o Libraries/STM32F10x_StdPeriph_Driver/src/stm32f10x_fsmc.o 
arm-atollic-eabi-gcc -c ../Libraries/STM32F10x_StdPeriph_Driver/src/stm32f10x_wwdg.c -mthumb -mcpu=cortex-m3 -std=gnu11 -DSTM32F10X_HD -DUSE_STDPERIPH_DRIVER -I../src -I../Libraries/STM32F10x_StdPeriph_Driver/inc -I../Libraries/CMSIS/Device/ST/STM32F10x/Include -I../Libraries/CMSIS/Include -I/home/free/Atollic/TrueSTUDIO/STM32_workspace_9.0/FreeRTOS_Demo1_TaskCreate/Libraries/freertos -I/home/free/Atollic/TrueSTUDIO/STM32_workspace_9.0/FreeRTOS_Demo1_TaskCreate/Libraries/freertos/include -I/home/free/Atollic/TrueSTUDIO/STM32_workspace_9.0/FreeRTOS_Demo1_TaskCreate/Libraries/freertos/portable -I/home/free/Atollic/TrueSTUDIO/STM32_workspace_9.0/FreeRTOS_Demo1_TaskCreate/Libraries/freertos/portable/GCC -I/home/free/Atollic/TrueSTUDIO/STM32_workspace_9.0/FreeRTOS_Demo1_TaskCreate/Libraries/freertos/portable/GCC/ARM_CM3 -O0 -ffunction-sections -fdata-sections -g -fstack-usage -Wall -specs=nano.specs -o Libraries/STM32F10x_StdPeriph_Driver/src/stm32f10x_wwdg.o 
arm-atollic-eabi-gcc -c ../Libraries/STM32F10x_StdPeriph_Driver/src/stm32f10x_dbgmcu.c -mthumb -mcpu=cortex-m3 -std=gnu11 -DSTM32F10X_HD -DUSE_STDPERIPH_DRIVER -I../src -I../Libraries/STM32F10x_StdPeriph_Driver/inc -I../Libraries/CMSIS/Device/ST/STM32F10x/Include -I../Libraries/CMSIS/Include -I/home/free/Atollic/TrueSTUDIO/STM32_workspace_9.0/FreeRTOS_Demo1_TaskCreate/Libraries/freertos -I/home/free/Atollic/TrueSTUDIO/STM32_workspace_9.0/FreeRTOS_Demo1_TaskCreate/Libraries/freertos/include -I/home/free/Atollic/TrueSTUDIO/STM32_workspace_9.0/FreeRTOS_Demo1_TaskCreate/Libraries/freertos/portable -I/home/free/Atollic/TrueSTUDIO/STM32_workspace_9.0/FreeRTOS_Demo1_TaskCreate/Libraries/freertos/portable/GCC -I/home/free/Atollic/TrueSTUDIO/STM32_workspace_9.0/FreeRTOS_Demo1_TaskCreate/Libraries/freertos/portable/GCC/ARM_CM3 -O0 -ffunction-sections -fdata-sections -g -fstack-usage -Wall -specs=nano.specs -o Libraries/STM32F10x_StdPeriph_Driver/src/stm32f10x_dbgmcu.o 
arm-atollic-eabi-gcc -c ../Libraries/STM32F10x_StdPeriph_Driver/src/stm32f10x_flash.c -mthumb -mcpu=cortex-m3 -std=gnu11 -DSTM32F10X_HD -DUSE_STDPERIPH_DRIVER -I../src -I../Libraries/STM32F10x_StdPeriph_Driver/inc -I../Libraries/CMSIS/Device/ST/STM32F10x/Include -I../Libraries/CMSIS/Include -I/home/free/Atollic/TrueSTUDIO/STM32_workspace_9.0/FreeRTOS_Demo1_TaskCreate/Libraries/freertos -I/home/free/Atollic/TrueSTUDIO/STM32_workspace_9.0/FreeRTOS_Demo1_TaskCreate/Libraries/freertos/include -I/home/free/Atollic/TrueSTUDIO/STM32_workspace_9.0/FreeRTOS_Demo1_TaskCreate/Libraries/freertos/portable -I/home/free/Atollic/TrueSTUDIO/STM32_workspace_9.0/FreeRTOS_Demo1_TaskCreate/Libraries/freertos/portable/GCC -I/home/free/Atollic/TrueSTUDIO/STM32_workspace_9.0/FreeRTOS_Demo1_TaskCreate/Libraries/freertos/portable/GCC/ARM_CM3 -O0 -ffunction-sections -fdata-sections -g -fstack-usage -Wall -specs=nano.specs -o Libraries/STM32F10x_StdPeriph_Driver/src/stm32f10x_flash.o 
arm-atollic-eabi-gcc -c ../Libraries/STM32F10x_StdPeriph_Driver/src/stm32f10x_gpio.c -mthumb -mcpu=cortex-m3 -std=gnu11 -DSTM32F10X_HD -DUSE_STDPERIPH_DRIVER -I../src -I../Libraries/STM32F10x_StdPeriph_Driver/inc -I../Libraries/CMSIS/Device/ST/STM32F10x/Include -I../Libraries/CMSIS/Include -I/home/free/Atollic/TrueSTUDIO/STM32_workspace_9.0/FreeRTOS_Demo1_TaskCreate/Libraries/freertos -I/home/free/Atollic/TrueSTUDIO/STM32_workspace_9.0/FreeRTOS_Demo1_TaskCreate/Libraries/freertos/include -I/home/free/Atollic/TrueSTUDIO/STM32_workspace_9.0/FreeRTOS_Demo1_TaskCreate/Libraries/freertos/portable -I/home/free/Atollic/TrueSTUDIO/STM32_workspace_9.0/FreeRTOS_Demo1_TaskCreate/Libraries/freertos/portable/GCC -I/home/free/Atollic/TrueSTUDIO/STM32_workspace_9.0/FreeRTOS_Demo1_TaskCreate/Libraries/freertos/portable/GCC/ARM_CM3 -O0 -ffunction-sections -fdata-sections -g -fstack-usage -Wall -specs=nano.specs -o Libraries/STM32F10x_StdPeriph_Driver/src/stm32f10x_gpio.o 
arm-atollic-eabi-gcc -c ../Libraries/STM32F10x_StdPeriph_Driver/src/stm32f10x_iwdg.c -mthumb -mcpu=cortex-m3 -std=gnu11 -DSTM32F10X_HD -DUSE_STDPERIPH_DRIVER -I../src -I../Libraries/STM32F10x_StdPeriph_Driver/inc -I../Libraries/CMSIS/Device/ST/STM32F10x/Include -I../Libraries/CMSIS/Include -I/home/free/Atollic/TrueSTUDIO/STM32_workspace_9.0/FreeRTOS_Demo1_TaskCreate/Libraries/freertos -I/home/free/Atollic/TrueSTUDIO/STM32_workspace_9.0/FreeRTOS_Demo1_TaskCreate/Libraries/freertos/include -I/home/free/Atollic/TrueSTUDIO/STM32_workspace_9.0/FreeRTOS_Demo1_TaskCreate/Libraries/freertos/portable -I/home/free/Atollic/TrueSTUDIO/STM32_workspace_9.0/FreeRTOS_Demo1_TaskCreate/Libraries/freertos/portable/GCC -I/home/free/Atollic/TrueSTUDIO/STM32_workspace_9.0/FreeRTOS_Demo1_TaskCreate/Libraries/freertos/portable/GCC/ARM_CM3 -O0 -ffunction-sections -fdata-sections -g -fstack-usage -Wall -specs=nano.specs -o Libraries/STM32F10x_StdPeriph_Driver/src/stm32f10x_iwdg.o 
arm-atollic-eabi-gcc -c ../Libraries/STM32F10x_StdPeriph_Driver/src/stm32f10x_usart.c -mthumb -mcpu=cortex-m3 -std=gnu11 -DSTM32F10X_HD -DUSE_STDPERIPH_DRIVER -I../src -I../Libraries/STM32F10x_StdPeriph_Driver/inc -I../Libraries/CMSIS/Device/ST/STM32F10x/Include -I../Libraries/CMSIS/Include -I/home/free/Atollic/TrueSTUDIO/STM32_workspace_9.0/FreeRTOS_Demo1_TaskCreate/Libraries/freertos -I/home/free/Atollic/TrueSTUDIO/STM32_workspace_9.0/FreeRTOS_Demo1_TaskCreate/Libraries/freertos/include -I/home/free/Atollic/TrueSTUDIO/STM32_workspace_9.0/FreeRTOS_Demo1_TaskCreate/Libraries/freertos/portable -I/home/free/Atollic/TrueSTUDIO/STM32_workspace_9.0/FreeRTOS_Demo1_TaskCreate/Libraries/freertos/portable/GCC -I/home/free/Atollic/TrueSTUDIO/STM32_workspace_9.0/FreeRTOS_Demo1_TaskCreate/Libraries/freertos/portable/GCC/ARM_CM3 -O0 -ffunction-sections -fdata-sections -g -fstack-usage -Wall -specs=nano.specs -o Libraries/STM32F10x_StdPeriph_Driver/src/stm32f10x_usart.o 
arm-atollic-eabi-gcc -c ../Libraries/freertos/tasks.c -mthumb -mcpu=cortex-m3 -std=gnu11 -DSTM32F10X_HD -DUSE_STDPERIPH_DRIVER -I../src -I../Libraries/STM32F10x_StdPeriph_Driver/inc -I../Libraries/CMSIS/Device/ST/STM32F10x/Include -I../Libraries/CMSIS/Include -I/home/free/Atollic/TrueSTUDIO/STM32_workspace_9.0/FreeRTOS_Demo1_TaskCreate/Libraries/freertos -I/home/free/Atollic/TrueSTUDIO/STM32_workspace_9.0/FreeRTOS_Demo1_TaskCreate/Libraries/freertos/include -I/home/free/Atollic/TrueSTUDIO/STM32_workspace_9.0/FreeRTOS_Demo1_TaskCreate/Libraries/freertos/portable -I/home/free/Atollic/TrueSTUDIO/STM32_workspace_9.0/FreeRTOS_Demo1_TaskCreate/Libraries/freertos/portable/GCC -I/home/free/Atollic/TrueSTUDIO/STM32_workspace_9.0/FreeRTOS_Demo1_TaskCreate/Libraries/freertos/portable/GCC/ARM_CM3 -O0 -ffunction-sections -fdata-sections -g -fstack-usage -Wall -specs=nano.specs -o Libraries/freertos/tasks.o 
arm-atollic-eabi-gcc -c ../Libraries/STM32F10x_StdPeriph_Driver/src/stm32f10x_rcc.c -mthumb -mcpu=cortex-m3 -std=gnu11 -DSTM32F10X_HD -DUSE_STDPERIPH_DRIVER -I../src -I../Libraries/STM32F10x_StdPeriph_Driver/inc -I../Libraries/CMSIS/Device/ST/STM32F10x/Include -I../Libraries/CMSIS/Include -I/home/free/Atollic/TrueSTUDIO/STM32_workspace_9.0/FreeRTOS_Demo1_TaskCreate/Libraries/freertos -I/home/free/Atollic/TrueSTUDIO/STM32_workspace_9.0/FreeRTOS_Demo1_TaskCreate/Libraries/freertos/include -I/home/free/Atollic/TrueSTUDIO/STM32_workspace_9.0/FreeRTOS_Demo1_TaskCreate/Libraries/freertos/portable -I/home/free/Atollic/TrueSTUDIO/STM32_workspace_9.0/FreeRTOS_Demo1_TaskCreate/Libraries/freertos/portable/GCC -I/home/free/Atollic/TrueSTUDIO/STM32_workspace_9.0/FreeRTOS_Demo1_TaskCreate/Libraries/freertos/portable/GCC/ARM_CM3 -O0 -ffunction-sections -fdata-sections -g -fstack-usage -Wall -specs=nano.specs -o Libraries/STM32F10x_StdPeriph_Driver/src/stm32f10x_rcc.o 
arm-atollic-eabi-gcc -c ../Libraries/STM32F10x_StdPeriph_Driver/src/stm32f10x_cec.c -mthumb -mcpu=cortex-m3 -std=gnu11 -DSTM32F10X_HD -DUSE_STDPERIPH_DRIVER -I../src -I../Libraries/STM32F10x_StdPeriph_Driver/inc -I../Libraries/CMSIS/Device/ST/STM32F10x/Include -I../Libraries/CMSIS/Include -I/home/free/Atollic/TrueSTUDIO/STM32_workspace_9.0/FreeRTOS_Demo1_TaskCreate/Libraries/freertos -I/home/free/Atollic/TrueSTUDIO/STM32_workspace_9.0/FreeRTOS_Demo1_TaskCreate/Libraries/freertos/include -I/home/free/Atollic/TrueSTUDIO/STM32_workspace_9.0/FreeRTOS_Demo1_TaskCreate/Libraries/freertos/portable -I/home/free/Atollic/TrueSTUDIO/STM32_workspace_9.0/FreeRTOS_Demo1_TaskCreate/Libraries/freertos/portable/GCC -I/home/free/Atollic/TrueSTUDIO/STM32_workspace_9.0/FreeRTOS_Demo1_TaskCreate/Libraries/freertos/portable/GCC/ARM_CM3 -O0 -ffunction-sections -fdata-sections -g -fstack-usage -Wall -specs=nano.specs -o Libraries/STM32F10x_StdPeriph_Driver/src/stm32f10x_cec.o 
arm-atollic-eabi-gcc -c ../Libraries/STM32F10x_StdPeriph_Driver/src/stm32f10x_spi.c -mthumb -mcpu=cortex-m3 -std=gnu11 -DSTM32F10X_HD -DUSE_STDPERIPH_DRIVER -I../src -I../Libraries/STM32F10x_StdPeriph_Driver/inc -I../Libraries/CMSIS/Device/ST/STM32F10x/Include -I../Libraries/CMSIS/Include -I/home/free/Atollic/TrueSTUDIO/STM32_workspace_9.0/FreeRTOS_Demo1_TaskCreate/Libraries/freertos -I/home/free/Atollic/TrueSTUDIO/STM32_workspace_9.0/FreeRTOS_Demo1_TaskCreate/Libraries/freertos/include -I/home/free/Atollic/TrueSTUDIO/STM32_workspace_9.0/FreeRTOS_Demo1_TaskCreate/Libraries/freertos/portable -I/home/free/Atollic/TrueSTUDIO/STM32_workspace_9.0/FreeRTOS_Demo1_TaskCreate/Libraries/freertos/portable/GCC -I/home/free/Atollic/TrueSTUDIO/STM32_workspace_9.0/FreeRTOS_Demo1_TaskCreate/Libraries/freertos/portable/GCC/ARM_CM3 -O0 -ffunction-sections -fdata-sections -g -fstack-usage -Wall -specs=nano.specs -o Libraries/STM32F10x_StdPeriph_Driver/src/stm32f10x_spi.o 
arm-atollic-eabi-gcc -c ../src/main.c -mthumb -mcpu=cortex-m3 -std=gnu11 -DSTM32F10X_HD -DUSE_STDPERIPH_DRIVER -I../src -I../Libraries/STM32F10x_StdPeriph_Driver/inc -I../Libraries/CMSIS/Device/ST/STM32F10x/Include -I../Libraries/CMSIS/Include -I/home/free/Atollic/TrueSTUDIO/STM32_workspace_9.0/FreeRTOS_Demo1_TaskCreate/Libraries/freertos -I/home/free/Atollic/TrueSTUDIO/STM32_workspace_9.0/FreeRTOS_Demo1_TaskCreate/Libraries/freertos/include -I/home/free/Atollic/TrueSTUDIO/STM32_workspace_9.0/FreeRTOS_Demo1_TaskCreate/Libraries/freertos/portable -I/home/free/Atollic/TrueSTUDIO/STM32_workspace_9.0/FreeRTOS_Demo1_TaskCreate/Libraries/freertos/portable/GCC -I/home/free/Atollic/TrueSTUDIO/STM32_workspace_9.0/FreeRTOS_Demo1_TaskCreate/Libraries/freertos/portable/GCC/ARM_CM3 -O0 -ffunction-sections -fdata-sections -g -fstack-usage -Wall -specs=nano.specs -o src/main.o 
arm-atollic-eabi-gcc -c ../Libraries/STM32F10x_StdPeriph_Driver/src/misc.c -mthumb -mcpu=cortex-m3 -std=gnu11 -DSTM32F10X_HD -DUSE_STDPERIPH_DRIVER -I../src -I../Libraries/STM32F10x_StdPeriph_Driver/inc -I../Libraries/CMSIS/Device/ST/STM32F10x/Include -I../Libraries/CMSIS/Include -I/home/free/Atollic/TrueSTUDIO/STM32_workspace_9.0/FreeRTOS_Demo1_TaskCreate/Libraries/freertos -I/home/free/Atollic/TrueSTUDIO/STM32_workspace_9.0/FreeRTOS_Demo1_TaskCreate/Libraries/freertos/include -I/home/free/Atollic/TrueSTUDIO/STM32_workspace_9.0/FreeRTOS_Demo1_TaskCreate/Libraries/freertos/portable -I/home/free/Atollic/TrueSTUDIO/STM32_workspace_9.0/FreeRTOS_Demo1_TaskCreate/Libraries/freertos/portable/GCC -I/home/free/Atollic/TrueSTUDIO/STM32_workspace_9.0/FreeRTOS_Demo1_TaskCreate/Libraries/freertos/portable/GCC/ARM_CM3 -O0 -ffunction-sections -fdata-sections -g -fstack-usage -Wall -specs=nano.specs -o Libraries/STM32F10x_StdPeriph_Driver/src/misc.o 
arm-atollic-eabi-gcc -c ../Libraries/STM32F10x_StdPeriph_Driver/src/stm32f10x_i2c.c -mthumb -mcpu=cortex-m3 -std=gnu11 -DSTM32F10X_HD -DUSE_STDPERIPH_DRIVER -I../src -I../Libraries/STM32F10x_StdPeriph_Driver/inc -I../Libraries/CMSIS/Device/ST/STM32F10x/Include -I../Libraries/CMSIS/Include -I/home/free/Atollic/TrueSTUDIO/STM32_workspace_9.0/FreeRTOS_Demo1_TaskCreate/Libraries/freertos -I/home/free/Atollic/TrueSTUDIO/STM32_workspace_9.0/FreeRTOS_Demo1_TaskCreate/Libraries/freertos/include -I/home/free/Atollic/TrueSTUDIO/STM32_workspace_9.0/FreeRTOS_Demo1_TaskCreate/Libraries/freertos/portable -I/home/free/Atollic/TrueSTUDIO/STM32_workspace_9.0/FreeRTOS_Demo1_TaskCreate/Libraries/freertos/portable/GCC -I/home/free/Atollic/TrueSTUDIO/STM32_workspace_9.0/FreeRTOS_Demo1_TaskCreate/Libraries/freertos/portable/GCC/ARM_CM3 -O0 -ffunction-sections -fdata-sections -g -fstack-usage -Wall -specs=nano.specs -o Libraries/STM32F10x_StdPeriph_Driver/src/stm32f10x_i2c.o 
arm-atollic-eabi-gcc -c ../Libraries/freertos/croutine.c -mthumb -mcpu=cortex-m3 -std=gnu11 -DSTM32F10X_HD -DUSE_STDPERIPH_DRIVER -I../src -I../Libraries/STM32F10x_StdPeriph_Driver/inc -I../Libraries/CMSIS/Device/ST/STM32F10x/Include -I../Libraries/CMSIS/Include -I/home/free/Atollic/TrueSTUDIO/STM32_workspace_9.0/FreeRTOS_Demo1_TaskCreate/Libraries/freertos -I/home/free/Atollic/TrueSTUDIO/STM32_workspace_9.0/FreeRTOS_Demo1_TaskCreate/Libraries/freertos/include -I/home/free/Atollic/TrueSTUDIO/STM32_workspace_9.0/FreeRTOS_Demo1_TaskCreate/Libraries/freertos/portable -I/home/free/Atollic/TrueSTUDIO/STM32_workspace_9.0/FreeRTOS_Demo1_TaskCreate/Libraries/freertos/portable/GCC -I/home/free/Atollic/TrueSTUDIO/STM32_workspace_9.0/FreeRTOS_Demo1_TaskCreate/Libraries/freertos/portable/GCC/ARM_CM3 -O0 -ffunction-sections -fdata-sections -g -fstack-usage -Wall -specs=nano.specs -o Libraries/freertos/croutine.o 
arm-atollic-eabi-gcc -c ../Libraries/STM32F10x_StdPeriph_Driver/src/stm32f10x_pwr.c -mthumb -mcpu=cortex-m3 -std=gnu11 -DSTM32F10X_HD -DUSE_STDPERIPH_DRIVER -I../src -I../Libraries/STM32F10x_StdPeriph_Driver/inc -I../Libraries/CMSIS/Device/ST/STM32F10x/Include -I../Libraries/CMSIS/Include -I/home/free/Atollic/TrueSTUDIO/STM32_workspace_9.0/FreeRTOS_Demo1_TaskCreate/Libraries/freertos -I/home/free/Atollic/TrueSTUDIO/STM32_workspace_9.0/FreeRTOS_Demo1_TaskCreate/Libraries/freertos/include -I/home/free/Atollic/TrueSTUDIO/STM32_workspace_9.0/FreeRTOS_Demo1_TaskCreate/Libraries/freertos/portable -I/home/free/Atollic/TrueSTUDIO/STM32_workspace_9.0/FreeRTOS_Demo1_TaskCreate/Libraries/freertos/portable/GCC -I/home/free/Atollic/TrueSTUDIO/STM32_workspace_9.0/FreeRTOS_Demo1_TaskCreate/Libraries/freertos/portable/GCC/ARM_CM3 -O0 -ffunction-sections -fdata-sections -g -fstack-usage -Wall -specs=nano.specs -o Libraries/STM32F10x_StdPeriph_Driver/src/stm32f10x_pwr.o 
arm-atollic-eabi-gcc -c ../Libraries/STM32F10x_StdPeriph_Driver/src/stm32f10x_can.c -mthumb -mcpu=cortex-m3 -std=gnu11 -DSTM32F10X_HD -DUSE_STDPERIPH_DRIVER -I../src -I../Libraries/STM32F10x_StdPeriph_Driver/inc -I../Libraries/CMSIS/Device/ST/STM32F10x/Include -I../Libraries/CMSIS/Include -I/home/free/Atollic/TrueSTUDIO/STM32_workspace_9.0/FreeRTOS_Demo1_TaskCreate/Libraries/freertos -I/home/free/Atollic/TrueSTUDIO/STM32_workspace_9.0/FreeRTOS_Demo1_TaskCreate/Libraries/freertos/include -I/home/free/Atollic/TrueSTUDIO/STM32_workspace_9.0/FreeRTOS_Demo1_TaskCreate/Libraries/freertos/portable -I/home/free/Atollic/TrueSTUDIO/STM32_workspace_9.0/FreeRTOS_Demo1_TaskCreate/Libraries/freertos/portable/GCC -I/home/free/Atollic/TrueSTUDIO/STM32_workspace_9.0/FreeRTOS_Demo1_TaskCreate/Libraries/freertos/portable/GCC/ARM_CM3 -O0 -ffunction-sections -fdata-sections -g -fstack-usage -Wall -specs=nano.specs -o Libraries/STM32F10x_StdPeriph_Driver/src/stm32f10x_can.o 
arm-atollic-eabi-gcc -c ../Libraries/freertos/portable/MemMang/heap_4.c -mthumb -mcpu=cortex-m3 -std=gnu11 -DSTM32F10X_HD -DUSE_STDPERIPH_DRIVER -I../src -I../Libraries/STM32F10x_StdPeriph_Driver/inc -I../Libraries/CMSIS/Device/ST/STM32F10x/Include -I../Libraries/CMSIS/Include -I/home/free/Atollic/TrueSTUDIO/STM32_workspace_9.0/FreeRTOS_Demo1_TaskCreate/Libraries/freertos -I/home/free/Atollic/TrueSTUDIO/STM32_workspace_9.0/FreeRTOS_Demo1_TaskCreate/Libraries/freertos/include -I/home/free/Atollic/TrueSTUDIO/STM32_workspace_9.0/FreeRTOS_Demo1_TaskCreate/Libraries/freertos/portable -I/home/free/Atollic/TrueSTUDIO/STM32_workspace_9.0/FreeRTOS_Demo1_TaskCreate/Libraries/freertos/portable/GCC -I/home/free/Atollic/TrueSTUDIO/STM32_workspace_9.0/FreeRTOS_Demo1_TaskCreate/Libraries/freertos/portable/GCC/ARM_CM3 -O0 -ffunction-sections -fdata-sections -g -fstack-usage -Wall -specs=nano.specs -o Libraries/freertos/portable/MemMang/heap_4.o 
arm-atollic-eabi-gcc -o FreeRTOS_Demo1_TaskCreate.elf Libraries/STM32F10x_StdPeriph_Driver/src/misc.o Libraries/STM32F10x_StdPeriph_Driver/src/stm32f10x_adc.o Libraries/STM32F10x_StdPeriph_Driver/src/stm32f10x_bkp.o Libraries/STM32F10x_StdPeriph_Driver/src/stm32f10x_can.o Libraries/STM32F10x_StdPeriph_Driver/src/stm32f10x_cec.o Libraries/STM32F10x_StdPeriph_Driver/src/stm32f10x_crc.o Libraries/STM32F10x_StdPeriph_Driver/src/stm32f10x_dac.o Libraries/STM32F10x_StdPeriph_Driver/src/stm32f10x_dbgmcu.o Libraries/STM32F10x_StdPeriph_Driver/src/stm32f10x_dma.o Libraries/STM32F10x_StdPeriph_Driver/src/stm32f10x_exti.o Libraries/STM32F10x_StdPeriph_Driver/src/stm32f10x_flash.o Libraries/STM32F10x_StdPeriph_Driver/src/stm32f10x_fsmc.o Libraries/STM32F10x_StdPeriph_Driver/src/stm32f10x_gpio.o Libraries/STM32F10x_StdPeriph_Driver/src/stm32f10x_i2c.o Libraries/STM32F10x_StdPeriph_Driver/src/stm32f10x_iwdg.o Libraries/STM32F10x_StdPeriph_Driver/src/stm32f10x_pwr.o Libraries/STM32F10x_StdPeriph_Driver/src/stm32f10x_rcc.o Libraries/STM32F10x_StdPeriph_Driver/src/stm32f10x_rtc.o Libraries/STM32F10x_StdPeriph_Driver/src/stm32f10x_sdio.o Libraries/STM32F10x_StdPeriph_Driver/src/stm32f10x_spi.o Libraries/STM32F10x_StdPeriph_Driver/src/stm32f10x_tim.o Libraries/STM32F10x_StdPeriph_Driver/src/stm32f10x_usart.o Libraries/STM32F10x_StdPeriph_Driver/src/stm32f10x_wwdg.o Libraries/freertos/croutine.o Libraries/freertos/event_groups.o Libraries/freertos/list.o Libraries/freertos/portable/GCC/ARM_CM3/port.o Libraries/freertos/portable/MemMang/heap_4.o Libraries/freertos/queue.o Libraries/freertos/tasks.o Libraries/freertos/timers.o src/main.o src/startup_stm32f10x_hd.o src/syscalls.o src/system_stm32f10x.o src/tiny_printf.o -mthumb -mcpu=cortex-m3 -T../stm32_flash.ld -specs=nosys.specs -static -Wl,-cref,-u,Reset_Handler -Wl,-Map=FreeRTOS_Demo1_TaskCreate.map -Wl,--gc-sections -Wl,--defsym=malloc_getpagesize_P=0x80 -Wl,--start-group -lc -lm -Wl,--end-group -specs=nano.specs 
/opt/Atollic_TrueSTUDIO_for_STM32_x86_64_9.0.0/ide/jre/bin/java -jar /opt/Atollic_TrueSTUDIO_for_STM32_x86_64_9.0.0/Tools/arm-atollic-reports.jar sizeinfo list FreeRTOS_Demo1_TaskCreate.elf 
Generate build reports...
Print size information
   text	   data	    bss	    dec	    hex	filename
   6288	     12	  18744	  25044	   61d4	FreeRTOS_Demo1_TaskCreate.elf
Print size information done
Generate listing file
Output sent to: FreeRTOS_Demo1_TaskCreate.list
Generate listing file done
Generate build reports done

23:55:51 Build Finished (took 14s.215ms)

