tasks.c:396:22:xTaskGenericCreate	48	static
tasks.c:561:7:vTaskDelete	24	static
tasks.c:627:7:vTaskDelayUntil	32	static
tasks.c:692:7:vTaskDelay	24	static
tasks.c:738:25:uxTaskPriorityGet	24	static
tasks.c:760:7:vTaskPrioritySet	32	static
tasks.c:868:7:vTaskSuspend	24	static
tasks.c:932:23:xTaskIsTaskSuspended	24	static
tasks.c:966:7:vTaskResume	24	static
tasks.c:1011:16:xTaskResumeFromISR	32	static
tasks.c:1057:6:vTaskStartScheduler	32	static
tasks.c:1122:6:vTaskEndScheduler	8	static
tasks.c:1133:6:vTaskSuspendAll	4	static
tasks.c:1141:22:xTaskResumeAll	24	static
tasks.c:1228:14:xTaskGetTickCount	16	static
tasks.c:1243:14:xTaskGetTickCountFromISR	16	static
tasks.c:1256:24:uxTaskGetNumberOfTasks	4	static
tasks.c:1434:6:vTaskIncrementTick	24	static
tasks.c:1596:6:vTaskSwitchContext	16	static
tasks.c:1647:6:vTaskPlaceOnEventList	24	static
tasks.c:1697:7:vTaskPlaceOnEventListRestricted	24	static
tasks.c:1729:22:xTaskRemoveFromEventList	24	static
tasks.c:1780:6:vTaskSetTimeOutState	16	static
tasks.c:1788:15:xTaskCheckForTimeOut	24	static
tasks.c:1834:6:vTaskMissedYield	4	static
tasks.c:1886:8:prvIdleTask	16	static
tasks.c:1951:13:prvInitialiseTCBVariables	24	static
tasks.c:2037:13:prvInitialiseTaskLists	16	static
tasks.c:2069:13:prvCheckTasksWaitingTermination	16	static
tasks.c:2104:13:prvAddCurrentTaskToDelayedList	16	static
tasks.c:2130:16:prvAllocateTCBAndStack	24	static
tasks.c:2315:14:prvDeleteTCB	16	static
tasks.c:2335:14:xTaskGetCurrentTaskHandle	16	static
tasks.c:2353:16:xTaskGetSchedulerState	16	static
tasks.c:2381:7:vTaskPriorityInherit	24	static
tasks.c:2417:7:vTaskPriorityDisinherit	24	static
